Archive member included to satisfy reference by file (symbol)

c:/eclipse/xpack-arm-none-eabi-gcc-9.2.1-1.1/bin/../lib/gcc/arm-none-eabi/9.2.1/../../../../arm-none-eabi/lib/thumb/v7e-m+fp/hard\libc_nano.a(lib_a-exit.o)
                              c:/eclipse/xpack-arm-none-eabi-gcc-9.2.1-1.1/bin/../lib/gcc/arm-none-eabi/9.2.1/../../../../arm-none-eabi/lib/thumb/v7e-m+fp/hard/crt0.o (exit)
c:/eclipse/xpack-arm-none-eabi-gcc-9.2.1-1.1/bin/../lib/gcc/arm-none-eabi/9.2.1/../../../../arm-none-eabi/lib/thumb/v7e-m+fp/hard\libc_nano.a(lib_a-impure.o)
                              c:/eclipse/xpack-arm-none-eabi-gcc-9.2.1-1.1/bin/../lib/gcc/arm-none-eabi/9.2.1/../../../../arm-none-eabi/lib/thumb/v7e-m+fp/hard\libc_nano.a(lib_a-exit.o) (_global_impure_ptr)
c:/eclipse/xpack-arm-none-eabi-gcc-9.2.1-1.1/bin/../lib/gcc/arm-none-eabi/9.2.1/../../../../arm-none-eabi/lib/thumb/v7e-m+fp/hard\libc_nano.a(lib_a-init.o)
                              c:/eclipse/xpack-arm-none-eabi-gcc-9.2.1-1.1/bin/../lib/gcc/arm-none-eabi/9.2.1/../../../../arm-none-eabi/lib/thumb/v7e-m+fp/hard/crt0.o (__libc_init_array)
c:/eclipse/xpack-arm-none-eabi-gcc-9.2.1-1.1/bin/../lib/gcc/arm-none-eabi/9.2.1/../../../../arm-none-eabi/lib/thumb/v7e-m+fp/hard\libc_nano.a(lib_a-memcmp.o)
                              _build/nrf52832_xxaa/ble_advdata.c.o (memcmp)
c:/eclipse/xpack-arm-none-eabi-gcc-9.2.1-1.1/bin/../lib/gcc/arm-none-eabi/9.2.1/../../../../arm-none-eabi/lib/thumb/v7e-m+fp/hard\libc_nano.a(lib_a-memcpy-stub.o)
                              _build/nrf52832_xxaa/nrf_atfifo.c.o (memcpy)
c:/eclipse/xpack-arm-none-eabi-gcc-9.2.1-1.1/bin/../lib/gcc/arm-none-eabi/9.2.1/../../../../arm-none-eabi/lib/thumb/v7e-m+fp/hard\libc_nano.a(lib_a-memset.o)
                              c:/eclipse/xpack-arm-none-eabi-gcc-9.2.1-1.1/bin/../lib/gcc/arm-none-eabi/9.2.1/../../../../arm-none-eabi/lib/thumb/v7e-m+fp/hard/crt0.o (memset)
c:/eclipse/xpack-arm-none-eabi-gcc-9.2.1-1.1/bin/../lib/gcc/arm-none-eabi/9.2.1/../../../../arm-none-eabi/lib/thumb/v7e-m+fp/hard\libc_nano.a(lib_a-strcpy.o)
                              _build/nrf52832_xxaa/SEGGER_RTT.c.o (strcpy)
c:/eclipse/xpack-arm-none-eabi-gcc-9.2.1-1.1/bin/../lib/gcc/arm-none-eabi/9.2.1/../../../../arm-none-eabi/lib/thumb/v7e-m+fp/hard\libc_nano.a(lib_a-strlen.o)
                              _build/nrf52832_xxaa/nrf_fprintf_format.c.o (strlen)
c:/eclipse/xpack-arm-none-eabi-gcc-9.2.1-1.1/bin/../lib/gcc/arm-none-eabi/9.2.1/../../../../arm-none-eabi/lib/thumb/v7e-m+fp/hard\libnosys.a(_exit.o)
                              c:/eclipse/xpack-arm-none-eabi-gcc-9.2.1-1.1/bin/../lib/gcc/arm-none-eabi/9.2.1/../../../../arm-none-eabi/lib/thumb/v7e-m+fp/hard\libc_nano.a(lib_a-exit.o) (_exit)
c:/eclipse/xpack-arm-none-eabi-gcc-9.2.1-1.1/bin/../lib/gcc/arm-none-eabi/9.2.1/thumb/v7e-m+fp/hard\libgcc.a(_aeabi_ldivmod.o)
                              _build/nrf52832_xxaa/bsp.c.o (__aeabi_ldivmod)
c:/eclipse/xpack-arm-none-eabi-gcc-9.2.1-1.1/bin/../lib/gcc/arm-none-eabi/9.2.1/thumb/v7e-m+fp/hard\libgcc.a(_aeabi_uldivmod.o)
                              _build/nrf52832_xxaa/bsp.c.o (__aeabi_uldivmod)
c:/eclipse/xpack-arm-none-eabi-gcc-9.2.1-1.1/bin/../lib/gcc/arm-none-eabi/9.2.1/thumb/v7e-m+fp/hard\libgcc.a(_udivmoddi4.o)
                              c:/eclipse/xpack-arm-none-eabi-gcc-9.2.1-1.1/bin/../lib/gcc/arm-none-eabi/9.2.1/thumb/v7e-m+fp/hard\libgcc.a(_aeabi_ldivmod.o) (__udivmoddi4)
c:/eclipse/xpack-arm-none-eabi-gcc-9.2.1-1.1/bin/../lib/gcc/arm-none-eabi/9.2.1/thumb/v7e-m+fp/hard\libgcc.a(unwind-arm.o)
                              _build/nrf52832_xxaa/main.cpp.o (__aeabi_unwind_cpp_pr0)
c:/eclipse/xpack-arm-none-eabi-gcc-9.2.1-1.1/bin/../lib/gcc/arm-none-eabi/9.2.1/thumb/v7e-m+fp/hard\libgcc.a(libunwind.o)
                              c:/eclipse/xpack-arm-none-eabi-gcc-9.2.1-1.1/bin/../lib/gcc/arm-none-eabi/9.2.1/thumb/v7e-m+fp/hard\libgcc.a(unwind-arm.o) (restore_core_regs)
c:/eclipse/xpack-arm-none-eabi-gcc-9.2.1-1.1/bin/../lib/gcc/arm-none-eabi/9.2.1/thumb/v7e-m+fp/hard\libgcc.a(pr-support.o)
                              c:/eclipse/xpack-arm-none-eabi-gcc-9.2.1-1.1/bin/../lib/gcc/arm-none-eabi/9.2.1/thumb/v7e-m+fp/hard\libgcc.a(unwind-arm.o) (__gnu_unwind_execute)
c:/eclipse/xpack-arm-none-eabi-gcc-9.2.1-1.1/bin/../lib/gcc/arm-none-eabi/9.2.1/thumb/v7e-m+fp/hard\libgcc.a(_dvmd_tls.o)
                              c:/eclipse/xpack-arm-none-eabi-gcc-9.2.1-1.1/bin/../lib/gcc/arm-none-eabi/9.2.1/thumb/v7e-m+fp/hard\libgcc.a(_aeabi_ldivmod.o) (__aeabi_ldiv0)
c:/eclipse/xpack-arm-none-eabi-gcc-9.2.1-1.1/bin/../lib/gcc/arm-none-eabi/9.2.1/../../../../arm-none-eabi/lib/thumb/v7e-m+fp/hard\libg_nano.a(lib_a-abort.o)
                              c:/eclipse/xpack-arm-none-eabi-gcc-9.2.1-1.1/bin/../lib/gcc/arm-none-eabi/9.2.1/thumb/v7e-m+fp/hard\libgcc.a(unwind-arm.o) (abort)
[...]
Memory Configuration

Name             Origin             Length             Attributes
FLASH            0x0000000000026000 0x000000000005a000 xr
RAM              0x0000000020002ad8 0x000000000000d528 xrw
*default*        0x0000000000000000 0xffffffffffffffff

Linker script and memory map


.text           0x0000000000026000     0x2750
 *(.isr_vector)
 .isr_vector    0x0000000000026000      0x200 _build/nrf52832_xxaa/gcc_startup_nrf52.S.o
                0x0000000000026000                __isr_vector
 *(.text*)
 .text.__do_global_dtors_aux
                0x0000000000026200       0x24 c:/eclipse/xpack-arm-none-eabi-gcc-9.2.1-1.1/bin/../lib/gcc/arm-none-eabi/9.2.1/thumb/v7e-m+fp/hard/crtbegin.o
 .text.frame_dummy
                0x0000000000026224       0x1c c:/eclipse/xpack-arm-none-eabi-gcc-9.2.1-1.1/bin/../lib/gcc/arm-none-eabi/9.2.1/thumb/v7e-m+fp/hard/crtbegin.o
 .text          0x0000000000026240       0x74 c:/eclipse/xpack-arm-none-eabi-gcc-9.2.1-1.1/bin/../lib/gcc/arm-none-eabi/9.2.1/../../../../arm-none-eabi/lib/thumb/v7e-m+fp/hard/crt0.o
                0x0000000000026240                _start
                0x0000000000026240                _mainCRTStartup
 .text          0x00000000000262b4       0x3c _build/nrf52832_xxaa/gcc_startup_nrf52.S.o
                0x00000000000262b4                Reset_Handler
                0x00000000000262dc                NMI_Handler
                0x00000000000262de                HardFault_Handler
                0x00000000000262e0                MemoryManagement_Handler
                0x00000000000262e2                BusFault_Handler
                0x00000000000262e4                UsageFault_Handler
                0x00000000000262e6                SVC_Handler
                0x00000000000262e8                DebugMon_Handler
                0x00000000000262ea                PendSV_Handler
                0x00000000000262ec                SysTick_Handler
                0x00000000000262ee                PDM_IRQHandler
                0x00000000000262ee                TEMP_IRQHandler
                0x00000000000262ee                QDEC_IRQHandler
                0x00000000000262ee                TIMER3_IRQHandler
                0x00000000000262ee                FPU_IRQHandler
                0x00000000000262ee                SPIM0_SPIS0_TWIM0_TWIS0_SPI0_TWI0_IRQHandler
                0x00000000000262ee                RADIO_IRQHandler
                0x00000000000262ee                TIMER4_IRQHandler
                0x00000000000262ee                I2S_IRQHandler
                0x00000000000262ee                SWI4_EGU4_IRQHandler
                0x00000000000262ee                TIMER0_IRQHandler
                0x00000000000262ee                RTC0_IRQHandler
                0x00000000000262ee                PWM1_IRQHandler
                0x00000000000262ee                PWM2_IRQHandler
                0x00000000000262ee                ECB_IRQHandler
                0x00000000000262ee                SPIM1_SPIS1_TWIM1_TWIS1_SPI1_TWI1_IRQHandler
                0x00000000000262ee                Default_Handler
                0x00000000000262ee                SAADC_IRQHandler
                0x00000000000262ee                CCM_AAR_IRQHandler
                0x00000000000262ee                WDT_IRQHandler
                0x00000000000262ee                GPIOTE_IRQHandler
                0x00000000000262ee                SWI5_EGU5_IRQHandler
                0x00000000000262ee                RNG_IRQHandler
                0x00000000000262ee                RTC2_IRQHandler
                0x00000000000262ee                PWM0_IRQHandler
                0x00000000000262ee                SWI3_EGU3_IRQHandler
                0x00000000000262ee                SWI1_EGU1_IRQHandler
                0x00000000000262ee                SPIM2_SPIS2_SPI2_IRQHandler
                0x00000000000262ee                NFCT_IRQHandler
                0x00000000000262ee                TIMER1_IRQHandler
                0x00000000000262ee                MWU_IRQHandler
                0x00000000000262ee                TIMER2_IRQHandler
                0x00000000000262ee                COMP_LPCOMP_IRQHandler
 .text.app_error_handler_bare
                0x00000000000262f0       0x20 _build/nrf52832_xxaa/app_error.c.o
                0x00000000000262f0                app_error_handler_bare
 .text.app_error_fault_handler
                0x0000000000026310       0x34 _build/nrf52832_xxaa/app_error_weak.c.o
                0x0000000000026310                app_error_fault_handler
 .text.RTC1_IRQHandler
                0x0000000000026344       0xa0 _build/nrf52832_xxaa/app_timer.c.o
                0x0000000000026344                RTC1_IRQHandler
 .text.SWI0_EGU0_IRQHandler
                0x00000000000263e4      0x3e0 _build/nrf52832_xxaa/app_timer.c.o
                0x00000000000263e4                SWI0_EGU0_IRQHandler
 .text.app_timer_start
                0x00000000000267c4       0xb4 _build/nrf52832_xxaa/app_timer.c.o
                0x00000000000267c4                app_timer_start
 .text.app_timer_stop
                0x0000000000026878       0x78 _build/nrf52832_xxaa/app_timer.c.o
                0x0000000000026878                app_timer_stop
 .text.app_util_critical_region_enter
                0x00000000000268f0       0x4c _build/nrf52832_xxaa/app_util_platform.c.o
                0x00000000000268f0                app_util_critical_region_enter
 .text.app_util_critical_region_exit
                0x000000000002693c       0x30 _build/nrf52832_xxaa/app_util_platform.c.o
                0x000000000002693c                app_util_critical_region_exit
 .text.nrf_atflags_set
                0x000000000002696c       0x14 _build/nrf52832_xxaa/nrf_atflags.c.o
                0x000000000002696c                nrf_atflags_set
 .text.nrf_atflags_clear
                0x0000000000026980       0x14 _build/nrf52832_xxaa/nrf_atflags.c.o
                0x0000000000026980                nrf_atflags_clear
 .text.nrf_atflags_get
                0x0000000000026994       0x14 _build/nrf52832_xxaa/nrf_atflags.c.o
                0x0000000000026994                nrf_atflags_get
 .text.nrf_atomic_u32_or
                0x00000000000269a8       0x1c _build/nrf52832_xxaa/nrf_atomic.c.o
                0x00000000000269a8                nrf_atomic_u32_or
 .text.nrf_atomic_u32_and
                0x00000000000269c4       0x1c _build/nrf52832_xxaa/nrf_atomic.c.o
                0x00000000000269c4                nrf_atomic_u32_and
 .text.nrf_section_iter_init
                0x00000000000269e0       0x14 _build/nrf52832_xxaa/nrf_section_iter.c.o
                0x00000000000269e0                nrf_section_iter_init
 .text.nrf_section_iter_next
                0x00000000000269f4       0x18 _build/nrf52832_xxaa/nrf_section_iter.c.o
                0x00000000000269f4                nrf_section_iter_next
 .text.SystemInit
                0x0000000000026a0c      0x3b4 _build/nrf52832_xxaa/system_nrf52.c.o
                0x0000000000026a0c                SystemInit
 .text.clock_irq_handler
                0x0000000000026dc0       0x44 _build/nrf52832_xxaa/nrf_drv_clock.c.o
 .text.soc_evt_handler
                0x0000000000026e04       0x28 _build/nrf52832_xxaa/nrf_drv_clock.c.o
 .text.sd_state_evt_handler
                0x0000000000026e2c       0xa8 _build/nrf52832_xxaa/nrf_drv_clock.c.o
 .text.nrfx_clock_init
                0x0000000000026ed4       0x18 _build/nrf52832_xxaa/nrfx_clock.c.o
                0x0000000000026ed4                nrfx_clock_init
 .text.nrfx_clock_enable
                0x0000000000026eec       0x24 _build/nrf52832_xxaa/nrfx_clock.c.o
                0x0000000000026eec                nrfx_clock_enable
 .text.nrfx_clock_lfclk_stop
                0x0000000000026f10       0x18 _build/nrf52832_xxaa/nrfx_clock.c.o
                0x0000000000026f10                nrfx_clock_lfclk_stop
 .text.POWER_CLOCK_IRQHandler
                0x0000000000026f28       0x6c _build/nrf52832_xxaa/nrfx_clock.c.o
                0x0000000000026f28                POWER_CLOCK_IRQHandler
 .text.UARTE0_UART0_IRQHandler
                0x0000000000026f94      0x1c4 _build/nrf52832_xxaa/nrfx_uart.c.o
                0x0000000000026f94                UARTE0_UART0_IRQHandler
 .text.bsp_event_to_button_action_assign
                0x0000000000027158       0x54 _build/nrf52832_xxaa/bsp.c.o
                0x0000000000027158                bsp_event_to_button_action_assign
 .text.ble_evt_handler
                0x00000000000271ac       0xac _build/nrf52832_xxaa/bsp_btn_ble.c.o
 .text.ble_evt_handler
                0x0000000000027258      0x1d4 _build/nrf52832_xxaa/ble_conn_params.c.o
 .text.ble_evt_handler
                0x000000000002742c      0x160 _build/nrf52832_xxaa/ble_conn_state.c.o
 .text.ble_srv_is_notification_enabled
                0x000000000002758c        0x8 _build/nrf52832_xxaa/ble_srv_common.c.o
                0x000000000002758c                ble_srv_is_notification_enabled
 .text.nrf_sdh_is_enabled
                0x0000000000027594        0xc _build/nrf52832_xxaa/nrf_sdh.c.o
                0x0000000000027594                nrf_sdh_is_enabled
 .text.SWI2_EGU2_IRQHandler
                0x00000000000275a0       0x2c _build/nrf52832_xxaa/nrf_sdh.c.o
                0x00000000000275a0                SWI2_EGU2_IRQHandler
 .text.sd_ble_evt_get
                0x00000000000275cc        0x4 _build/nrf52832_xxaa/nrf_sdh_ble.c.o
 .text.nrf_sdh_ble_evts_poll.part.0
                0x00000000000275d0       0x54 _build/nrf52832_xxaa/nrf_sdh_ble.c.o
 .text.nrf_sdh_ble_evts_poll
                0x0000000000027624       0x10 _build/nrf52832_xxaa/nrf_sdh_ble.c.o
 .text.sd_evt_get
                0x0000000000027634        0x4 _build/nrf52832_xxaa/nrf_sdh_soc.c.o
 .text.nrf_sdh_soc_evts_poll
                0x0000000000027638       0x4c _build/nrf52832_xxaa/nrf_sdh_soc.c.o
 .text.startup.main
                0x0000000000027684       0x90 _build/nrf52832_xxaa/main.cpp.o
                0x0000000000027684                main
 .text._ZN5_GPIO7pinModeEhb
                0x0000000000027714       0x24 _build/nrf52832_xxaa/GPIO.cpp.o
                0x0000000000027714                _GPIO::pinMode(unsigned char, bool)
 .text._ZN5_GPIO12digitalWriteEhb
                0x0000000000027738       0x20 _build/nrf52832_xxaa/GPIO.cpp.o
                0x0000000000027738                _GPIO::digitalWrite(unsigned char, bool)
 .text._ZN5_GPIO11digitalReadEh
                0x0000000000027758       0x14 _build/nrf52832_xxaa/GPIO.cpp.o
                0x0000000000027758                _GPIO::digitalRead(unsigned char)
 .text.exit     0x000000000002776c       0x28 c:/eclipse/xpack-arm-none-eabi-gcc-9.2.1-1.1/bin/../lib/gcc/arm-none-eabi/9.2.1/../../../../arm-none-eabi/lib/thumb/v7e-m+fp/hard\libc_nano.a(lib_a-exit.o)
                0x000000000002776c                exit
 .text.__libc_init_array
                0x0000000000027794       0x48 c:/eclipse/xpack-arm-none-eabi-gcc-9.2.1-1.1/bin/../lib/gcc/arm-none-eabi/9.2.1/../../../../arm-none-eabi/lib/thumb/v7e-m+fp/hard\libc_nano.a(lib_a-init.o)
                0x0000000000027794                __libc_init_array
 .text.memcpy   0x00000000000277dc       0x1c c:/eclipse/xpack-arm-none-eabi-gcc-9.2.1-1.1/bin/../lib/gcc/arm-none-eabi/9.2.1/../../../../arm-none-eabi/lib/thumb/v7e-m+fp/hard\libc_nano.a(lib_a-memcpy-stub.o)
                0x00000000000277dc                memcpy
 .text.memset   0x00000000000277f8       0x10 c:/eclipse/xpack-arm-none-eabi-gcc-9.2.1-1.1/bin/../lib/gcc/arm-none-eabi/9.2.1/../../../../arm-none-eabi/lib/thumb/v7e-m+fp/hard\libc_nano.a(lib_a-memset.o)
                0x00000000000277f8                memset
 .text._exit    0x0000000000027808        0x4 c:/eclipse/xpack-arm-none-eabi-gcc-9.2.1-1.1/bin/../lib/gcc/arm-none-eabi/9.2.1/../../../../arm-none-eabi/lib/thumb/v7e-m+fp/hard\libnosys.a(_exit.o)
                0x0000000000027808                _exit
 .text.selfrel_offset31
                0x000000000002780c       0x14 c:/eclipse/xpack-arm-none-eabi-gcc-9.2.1-1.1/bin/../lib/gcc/arm-none-eabi/9.2.1/thumb/v7e-m+fp/hard\libgcc.a(unwind-arm.o)
 .text.search_EIT_table
                0x0000000000027820       0x5c c:/eclipse/xpack-arm-none-eabi-gcc-9.2.1-1.1/bin/../lib/gcc/arm-none-eabi/9.2.1/thumb/v7e-m+fp/hard\libgcc.a(unwind-arm.o)
 .text.__gnu_unwind_get_pr_addr
                0x000000000002787c       0x28 c:/eclipse/xpack-arm-none-eabi-gcc-9.2.1-1.1/bin/../lib/gcc/arm-none-eabi/9.2.1/thumb/v7e-m+fp/hard\libgcc.a(unwind-arm.o)
 .text.get_eit_entry
                0x00000000000278a4       0x9c c:/eclipse/xpack-arm-none-eabi-gcc-9.2.1-1.1/bin/../lib/gcc/arm-none-eabi/9.2.1/thumb/v7e-m+fp/hard\libgcc.a(unwind-arm.o)
 .text.restore_non_core_regs
                0x0000000000027940       0x58 c:/eclipse/xpack-arm-none-eabi-gcc-9.2.1-1.1/bin/../lib/gcc/arm-none-eabi/9.2.1/thumb/v7e-m+fp/hard\libgcc.a(unwind-arm.o)
 .text._Unwind_decode_typeinfo_ptr.isra.0
                0x0000000000027998        0xc c:/eclipse/xpack-arm-none-eabi-gcc-9.2.1-1.1/bin/../lib/gcc/arm-none-eabi/9.2.1/thumb/v7e-m+fp/hard\libgcc.a(unwind-arm.o)
 .text._Unwind_DebugHook
                0x00000000000279a4        0x4 c:/eclipse/xpack-arm-none-eabi-gcc-9.2.1-1.1/bin/../lib/gcc/arm-none-eabi/9.2.1/thumb/v7e-m+fp/hard\libgcc.a(unwind-arm.o)
 .text.unwind_phase2
                0x00000000000279a8       0x3c c:/eclipse/xpack-arm-none-eabi-gcc-9.2.1-1.1/bin/../lib/gcc/arm-none-eabi/9.2.1/thumb/v7e-m+fp/hard\libgcc.a(unwind-arm.o)
 .text.unwind_phase2_forced
                0x00000000000279e4       0xcc c:/eclipse/xpack-arm-none-eabi-gcc-9.2.1-1.1/bin/../lib/gcc/arm-none-eabi/9.2.1/thumb/v7e-m+fp/hard\libgcc.a(unwind-arm.o)
 .text.__gnu_Unwind_RaiseException
                0x0000000000027ab0       0x60 c:/eclipse/xpack-arm-none-eabi-gcc-9.2.1-1.1/bin/../lib/gcc/arm-none-eabi/9.2.1/thumb/v7e-m+fp/hard\libgcc.a(unwind-arm.o)
                0x0000000000027ab0                __gnu_Unwind_RaiseException
 .text.__gnu_Unwind_ForcedUnwind
                0x0000000000027b10       0x14 c:/eclipse/xpack-arm-none-eabi-gcc-9.2.1-1.1/bin/../lib/gcc/arm-none-eabi/9.2.1/thumb/v7e-m+fp/hard\libgcc.a(unwind-arm.o)
                0x0000000000027b10                __gnu_Unwind_ForcedUnwind
 .text.__gnu_Unwind_Resume
                0x0000000000027b24       0x44 c:/eclipse/xpack-arm-none-eabi-gcc-9.2.1-1.1/bin/../lib/gcc/arm-none-eabi/9.2.1/thumb/v7e-m+fp/hard\libgcc.a(unwind-arm.o)
                0x0000000000027b24                __gnu_Unwind_Resume
 .text.__gnu_Unwind_Resume_or_Rethrow
                0x0000000000027b68       0x14 c:/eclipse/xpack-arm-none-eabi-gcc-9.2.1-1.1/bin/../lib/gcc/arm-none-eabi/9.2.1/thumb/v7e-m+fp/hard\libgcc.a(unwind-arm.o)
                0x0000000000027b68                __gnu_Unwind_Resume_or_Rethrow
 .text._Unwind_VRS_Get
                0x0000000000027b7c       0x30 c:/eclipse/xpack-arm-none-eabi-gcc-9.2.1-1.1/bin/../lib/gcc/arm-none-eabi/9.2.1/thumb/v7e-m+fp/hard\libgcc.a(unwind-arm.o)
                0x0000000000027b7c                _Unwind_VRS_Get
 .text._Unwind_GetGR
                0x0000000000027bac       0x18 c:/eclipse/xpack-arm-none-eabi-gcc-9.2.1-1.1/bin/../lib/gcc/arm-none-eabi/9.2.1/thumb/v7e-m+fp/hard\libgcc.a(unwind-arm.o)
 .text._Unwind_VRS_Set
                0x0000000000027bc4       0x30 c:/eclipse/xpack-arm-none-eabi-gcc-9.2.1-1.1/bin/../lib/gcc/arm-none-eabi/9.2.1/thumb/v7e-m+fp/hard\libgcc.a(unwind-arm.o)
                0x0000000000027bc4                _Unwind_VRS_Set
 .text._Unwind_SetGR
                0x0000000000027bf4       0x18 c:/eclipse/xpack-arm-none-eabi-gcc-9.2.1-1.1/bin/../lib/gcc/arm-none-eabi/9.2.1/thumb/v7e-m+fp/hard\libgcc.a(unwind-arm.o)
 .text.__gnu_Unwind_Backtrace
                0x0000000000027c0c       0x78 c:/eclipse/xpack-arm-none-eabi-gcc-9.2.1-1.1/bin/../lib/gcc/arm-none-eabi/9.2.1/thumb/v7e-m+fp/hard\libgcc.a(unwind-arm.o)
                0x0000000000027c0c                __gnu_Unwind_Backtrace
 .text.__gnu_unwind_pr_common
                0x0000000000027c84      0x2a8 c:/eclipse/xpack-arm-none-eabi-gcc-9.2.1-1.1/bin/../lib/gcc/arm-none-eabi/9.2.1/thumb/v7e-m+fp/hard\libgcc.a(unwind-arm.o)
 .text.__aeabi_unwind_cpp_pr0
                0x0000000000027f2c        0x8 c:/eclipse/xpack-arm-none-eabi-gcc-9.2.1-1.1/bin/../lib/gcc/arm-none-eabi/9.2.1/thumb/v7e-m+fp/hard\libgcc.a(unwind-arm.o)
                0x0000000000027f2c                __aeabi_unwind_cpp_pr0
 .text.__aeabi_unwind_cpp_pr1
                0x0000000000027f34        0x8 c:/eclipse/xpack-arm-none-eabi-gcc-9.2.1-1.1/bin/../lib/gcc/arm-none-eabi/9.2.1/thumb/v7e-m+fp/hard\libgcc.a(unwind-arm.o)
                0x0000000000027f34                __aeabi_unwind_cpp_pr1
 .text.__aeabi_unwind_cpp_pr2
                0x0000000000027f3c        0x8 c:/eclipse/xpack-arm-none-eabi-gcc-9.2.1-1.1/bin/../lib/gcc/arm-none-eabi/9.2.1/thumb/v7e-m+fp/hard\libgcc.a(unwind-arm.o)
                0x0000000000027f3c                __aeabi_unwind_cpp_pr2
 .text._Unwind_VRS_Pop
                0x0000000000027f44      0x278 c:/eclipse/xpack-arm-none-eabi-gcc-9.2.1-1.1/bin/../lib/gcc/arm-none-eabi/9.2.1/thumb/v7e-m+fp/hard\libgcc.a(unwind-arm.o)
                0x0000000000027f44                _Unwind_VRS_Pop
 .text          0x00000000000281bc      0x1ac c:/eclipse/xpack-arm-none-eabi-gcc-9.2.1-1.1/bin/../lib/gcc/arm-none-eabi/9.2.1/thumb/v7e-m+fp/hard\libgcc.a(libunwind.o)
                0x00000000000281bc                __restore_core_regs
                0x00000000000281bc                restore_core_regs
                0x00000000000281d4                __gnu_Unwind_Restore_VFP
                0x00000000000281dc                __gnu_Unwind_Save_VFP
                0x00000000000281e4                __gnu_Unwind_Restore_VFP_D
                0x00000000000281ec                __gnu_Unwind_Save_VFP_D
                0x00000000000281f4                __gnu_Unwind_Restore_VFP_D_16_to_31
                0x00000000000281fc                __gnu_Unwind_Save_VFP_D_16_to_31
                0x0000000000028204                __gnu_Unwind_Restore_WMMXD
                0x0000000000028248                __gnu_Unwind_Save_WMMXD
                0x000000000002828c                __gnu_Unwind_Restore_WMMXC
                0x00000000000282a0                __gnu_Unwind_Save_WMMXC
                0x00000000000282b4                ___Unwind_RaiseException
                0x00000000000282b4                _Unwind_RaiseException
                0x00000000000282d8                _Unwind_Resume
                0x00000000000282d8                ___Unwind_Resume
                0x00000000000282fc                _Unwind_Resume_or_Rethrow
                0x00000000000282fc                ___Unwind_Resume_or_Rethrow
                0x0000000000028320                _Unwind_ForcedUnwind
                0x0000000000028320                ___Unwind_ForcedUnwind
                0x0000000000028344                ___Unwind_Backtrace
                0x0000000000028344                _Unwind_Backtrace
 .text.next_unwind_byte
                0x0000000000028368       0x38 c:/eclipse/xpack-arm-none-eabi-gcc-9.2.1-1.1/bin/../lib/gcc/arm-none-eabi/9.2.1/thumb/v7e-m+fp/hard\libgcc.a(pr-support.o)
 .text.__gnu_unwind_execute
                0x00000000000283a0      0x29c c:/eclipse/xpack-arm-none-eabi-gcc-9.2.1-1.1/bin/../lib/gcc/arm-none-eabi/9.2.1/thumb/v7e-m+fp/hard\libgcc.a(pr-support.o)
                0x00000000000283a0                __gnu_unwind_execute
 .text.abort    0x000000000002863c        0xe c:/eclipse/xpack-arm-none-eabi-gcc-9.2.1-1.1/bin/../lib/gcc/arm-none-eabi/9.2.1/../../../../arm-none-eabi/lib/thumb/v7e-m+fp/hard\libg_nano.a(lib_a-abort.o)
                0x000000000002863c                abort
 .text._raise_r
                0x000000000002864a       0x50 c:/eclipse/xpack-arm-none-eabi-gcc-9.2.1-1.1/bin/../lib/gcc/arm-none-eabi/9.2.1/../../../../arm-none-eabi/lib/thumb/v7e-m+fp/hard\libg_nano.a(lib_a-signal.o)
                0x000000000002864a                _raise_r
 *fill*         0x000000000002869a        0x2 
 .text.raise    0x000000000002869c       0x10 c:/eclipse/xpack-arm-none-eabi-gcc-9.2.1-1.1/bin/../lib/gcc/arm-none-eabi/9.2.1/../../../../arm-none-eabi/lib/thumb/v7e-m+fp/hard\libg_nano.a(lib_a-signal.o)
                0x000000000002869c                raise
 .text._kill_r  0x00000000000286ac       0x24 c:/eclipse/xpack-arm-none-eabi-gcc-9.2.1-1.1/bin/../lib/gcc/arm-none-eabi/9.2.1/../../../../arm-none-eabi/lib/thumb/v7e-m+fp/hard\libg_nano.a(lib_a-signalr.o)
                0x00000000000286ac                _kill_r
 .text._getpid_r
                0x00000000000286d0        0x4 c:/eclipse/xpack-arm-none-eabi-gcc-9.2.1-1.1/bin/../lib/gcc/arm-none-eabi/9.2.1/../../../../arm-none-eabi/lib/thumb/v7e-m+fp/hard\libg_nano.a(lib_a-signalr.o)
                0x00000000000286d0                _getpid_r
 .text._getpid  0x00000000000286d4       0x10 c:/eclipse/xpack-arm-none-eabi-gcc-9.2.1-1.1/bin/../lib/gcc/arm-none-eabi/9.2.1/../../../../arm-none-eabi/lib/thumb/v7e-m+fp/hard\libnosys.a(getpid.o)
                0x00000000000286d4                _getpid
 .text._kill    0x00000000000286e4       0x10 c:/eclipse/xpack-arm-none-eabi-gcc-9.2.1-1.1/bin/../lib/gcc/arm-none-eabi/9.2.1/../../../../arm-none-eabi/lib/thumb/v7e-m+fp/hard\libnosys.a(kill.o)
                0x00000000000286e4                _kill
 *(.init)
 .init          0x00000000000286f4        0x4 c:/eclipse/xpack-arm-none-eabi-gcc-9.2.1-1.1/bin/../lib/gcc/arm-none-eabi/9.2.1/thumb/v7e-m+fp/hard/crti.o
                0x00000000000286f4                _init
 .init          0x00000000000286f8        0x8 c:/eclipse/xpack-arm-none-eabi-gcc-9.2.1-1.1/bin/../lib/gcc/arm-none-eabi/9.2.1/thumb/v7e-m+fp/hard/crtn.o
 *(.fini)
 .fini          0x0000000000028700        0x4 c:/eclipse/xpack-arm-none-eabi-gcc-9.2.1-1.1/bin/../lib/gcc/arm-none-eabi/9.2.1/thumb/v7e-m+fp/hard/crti.o
                0x0000000000028700                _fini
 .fini          0x0000000000028704        0x8 c:/eclipse/xpack-arm-none-eabi-gcc-9.2.1-1.1/bin/../lib/gcc/arm-none-eabi/9.2.1/thumb/v7e-m+fp/hard/crtn.o
 *crtbegin.o(.ctors)
 *crtbegin?.o(.ctors)
 *(EXCLUDE_FILE(*crtend.o *crtend?.o) .ctors)
 *(SORT_BY_NAME(.ctors.*))
 *(.ctors)
 *crtbegin.o(.dtors)
 *crtbegin?.o(.dtors)
 *(EXCLUDE_FILE(*crtend.o *crtend?.o) .dtors)
 *(SORT_BY_NAME(.dtors.*))
 *(.dtors)
 *(.rodata*)
 *fill*         0x000000000002870c        0x4 
 .rodata.delay_machine_code.8856
                0x0000000000028710        0x6 _build/nrf52832_xxaa/app_timer.c.o
 *fill*         0x0000000000028716        0x2 
 .rodata.sdh_stack_observers
                0x0000000000028718        0xc _build/nrf52832_xxaa/nrf_sdh.c.o
 .rodata.sdh_ble_observers
                0x0000000000028724        0xc _build/nrf52832_xxaa/nrf_sdh_ble.c.o
 .rodata.sdh_soc_observers
                0x0000000000028730        0xc _build/nrf52832_xxaa/nrf_sdh_soc.c.o
 *fill*         0x000000000002873c        0x4 
 .rodata._ZZ21nrfx_coredep_delay_usE18delay_machine_code
                0x0000000000028740        0x6 _build/nrf52832_xxaa/main.cpp.o
 *fill*         0x0000000000028746        0x2 
 .rodata._global_impure_ptr
                0x0000000000028748        0x4 c:/eclipse/xpack-arm-none-eabi-gcc-9.2.1-1.1/bin/../lib/gcc/arm-none-eabi/9.2.1/../../../../arm-none-eabi/lib/thumb/v7e-m+fp/hard\libc_nano.a(lib_a-impure.o)
                0x0000000000028748                _global_impure_ptr
 *(.eh_frame*)
 .eh_frame      0x000000000002874c        0x0 c:/eclipse/xpack-arm-none-eabi-gcc-9.2.1-1.1/bin/../lib/gcc/arm-none-eabi/9.2.1/thumb/v7e-m+fp/hard/crtbegin.o
 .eh_frame      0x000000000002874c        0x4 c:/eclipse/xpack-arm-none-eabi-gcc-9.2.1-1.1/bin/../lib/gcc/arm-none-eabi/9.2.1/thumb/v7e-m+fp/hard/crtend.o

.glue_7         0x0000000000028750        0x0
 .glue_7        0x0000000000028750        0x0 linker stubs

.glue_7t        0x0000000000028750        0x0
 .glue_7t       0x0000000000028750        0x0 linker stubs

.vfp11_veneer   0x0000000000028750        0x0
 .vfp11_veneer  0x0000000000028750        0x0 linker stubs

.v4_bx          0x0000000000028750        0x0
 .v4_bx         0x0000000000028750        0x0 linker stubs

.iplt           0x0000000000028750        0x0
 .iplt          0x0000000000028750        0x0 c:/eclipse/xpack-arm-none-eabi-gcc-9.2.1-1.1/bin/../lib/gcc/arm-none-eabi/9.2.1/thumb/v7e-m+fp/hard/crtbegin.o

.mem_section_dummy_rom

.sdh_ant_observers
                0x0000000000028750        0x0
                [!provide]                        PROVIDE (__start_sdh_ant_observers = .)
 *(SORT_BY_NAME(.sdh_ant_observers*))
                [!provide]                        PROVIDE (__stop_sdh_ant_observers = .)

.sdh_ble_observers
                0x0000000000028750       0x18
                0x0000000000028750                PROVIDE (__start_sdh_ble_observers = .)
 *(SORT_BY_NAME(.sdh_ble_observers*))
 .sdh_ble_observers0
                0x0000000000028750        0x8 _build/nrf52832_xxaa/ble_conn_state.c.o
 .sdh_ble_observers1
                0x0000000000028758        0x8 _build/nrf52832_xxaa/bsp_btn_ble.c.o
 .sdh_ble_observers1
                0x0000000000028760        0x8 _build/nrf52832_xxaa/ble_conn_params.c.o
                0x0000000000028768                PROVIDE (__stop_sdh_ble_observers = .)

.sdh_soc_observers
                0x0000000000028768        0x8
                0x0000000000028768                PROVIDE (__start_sdh_soc_observers = .)
 *(SORT_BY_NAME(.sdh_soc_observers*))
 .sdh_soc_observers0
                0x0000000000028768        0x8 _build/nrf52832_xxaa/nrf_drv_clock.c.o
                0x0000000000028770                PROVIDE (__stop_sdh_soc_observers = .)

.sdh_state_observers
                0x0000000000028770        0x8
                0x0000000000028770                PROVIDE (__start_sdh_state_observers = .)
 *(SORT_BY_NAME(.sdh_state_observers*))
 .sdh_state_observers0
                0x0000000000028770        0x8 _build/nrf52832_xxaa/nrf_drv_clock.c.o
                0x0000000000028778                PROVIDE (__stop_sdh_state_observers = .)

.sdh_stack_observers
                0x0000000000028778       0x10
                0x0000000000028778                PROVIDE (__start_sdh_stack_observers = .)
 *(SORT_BY_NAME(.sdh_stack_observers*))
 .sdh_stack_observers0
                0x0000000000028778        0x8 _build/nrf52832_xxaa/nrf_sdh_ble.c.o
 .sdh_stack_observers0
                0x0000000000028780        0x8 _build/nrf52832_xxaa/nrf_sdh_soc.c.o
                0x0000000000028788                PROVIDE (__stop_sdh_stack_observers = .)

.sdh_req_observers
                0x0000000000028788        0x0
                0x0000000000028788                PROVIDE (__start_sdh_req_observers = .)
 *(SORT_BY_NAME(.sdh_req_observers*))
                0x0000000000028788                PROVIDE (__stop_sdh_req_observers = .)

.log_const_data
                0x0000000000028788        0x0
                [!provide]                        PROVIDE (__start_log_const_data = .)
 *(SORT_BY_NAME(.log_const_data*))
                [!provide]                        PROVIDE (__stop_log_const_data = .)

.nrf_balloc     0x0000000000028788        0x0
                [!provide]                        PROVIDE (__start_nrf_balloc = .)
 *(.nrf_balloc)
                [!provide]                        PROVIDE (__stop_nrf_balloc = .)

.nrf_queue      0x0000000000028788        0x0
                [!provide]                        PROVIDE (__start_nrf_queue = .)
 *(.nrf_queue)
                [!provide]                        PROVIDE (__stop_nrf_queue = .)

.cli_command    0x0000000000028788        0x0
                [!provide]                        PROVIDE (__start_cli_command = .)
 *(.cli_command)
                [!provide]                        PROVIDE (__stop_cli_command = .)

.crypto_data    0x0000000000028788        0x0
                [!provide]                        PROVIDE (__start_crypto_data = .)
 *(SORT_BY_NAME(.crypto_data*))
                [!provide]                        PROVIDE (__stop_crypto_data = .)

.pwr_mgmt_data  0x0000000000028788        0x0
                [!provide]                        PROVIDE (__start_pwr_mgmt_data = .)
 *(SORT_BY_NAME(.pwr_mgmt_data*))
                [!provide]                        PROVIDE (__stop_pwr_mgmt_data = .)

.log_backends   0x0000000000028788        0x0
                [!provide]                        PROVIDE (__start_log_backends = .)
 *(SORT_BY_NAME(.log_backends*))
                [!provide]                        PROVIDE (__stop_log_backends = .)

.ARM.extab
 *(.ARM.extab* .gnu.linkonce.armextab.*)
                0x0000000000028788                __exidx_start = .

.ARM.exidx      0x0000000000028788       0x98
 *(.ARM.exidx* .gnu.linkonce.armexidx.*)
 .ARM.exidx     0x0000000000028788        0x8 c:/eclipse/xpack-arm-none-eabi-gcc-9.2.1-1.1/bin/../lib/gcc/arm-none-eabi/9.2.1/../../../../arm-none-eabi/lib/thumb/v7e-m+fp/hard/crt0.o
 .ARM.exidx.text.startup.main
                0x0000000000028790        0x8 _build/nrf52832_xxaa/main.cpp.o
 .ARM.exidx.text._ZN5_GPIO7pinModeEhb
                0x0000000000028798        0x8 _build/nrf52832_xxaa/GPIO.cpp.o
 .ARM.exidx.text._ZN5_GPIO12digitalWriteEhb
                0x00000000000287a0        0x0 _build/nrf52832_xxaa/GPIO.cpp.o
                                          0x8 (size before relaxing)
 .ARM.exidx.text._ZN5_GPIO11digitalReadEh
                0x00000000000287a0        0x0 _build/nrf52832_xxaa/GPIO.cpp.o
                                          0x8 (size before relaxing)
 .ARM.exidx.text.selfrel_offset31
                0x00000000000287a0        0x0 c:/eclipse/xpack-arm-none-eabi-gcc-9.2.1-1.1/bin/../lib/gcc/arm-none-eabi/9.2.1/thumb/v7e-m+fp/hard\libgcc.a(unwind-arm.o)
                                          0x8 (size before relaxing)
 .ARM.exidx.text.search_EIT_table
                0x00000000000287a0        0x0 c:/eclipse/xpack-arm-none-eabi-gcc-9.2.1-1.1/bin/../lib/gcc/arm-none-eabi/9.2.1/thumb/v7e-m+fp/hard\libgcc.a(unwind-arm.o)
                                          0x8 (size before relaxing)
 .ARM.exidx.text.__gnu_unwind_get_pr_addr
                0x00000000000287a0        0x0 c:/eclipse/xpack-arm-none-eabi-gcc-9.2.1-1.1/bin/../lib/gcc/arm-none-eabi/9.2.1/thumb/v7e-m+fp/hard\libgcc.a(unwind-arm.o)
                                          0x8 (size before relaxing)
 .ARM.exidx.text.get_eit_entry
                0x00000000000287a0        0x8 c:/eclipse/xpack-arm-none-eabi-gcc-9.2.1-1.1/bin/../lib/gcc/arm-none-eabi/9.2.1/thumb/v7e-m+fp/hard\libgcc.a(unwind-arm.o)
 .ARM.exidx.text.restore_non_core_regs
                0x00000000000287a8        0x8 c:/eclipse/xpack-arm-none-eabi-gcc-9.2.1-1.1/bin/../lib/gcc/arm-none-eabi/9.2.1/thumb/v7e-m+fp/hard\libgcc.a(unwind-arm.o)
 .ARM.exidx.text._Unwind_decode_typeinfo_ptr.isra.0
                0x00000000000287b0        0x8 c:/eclipse/xpack-arm-none-eabi-gcc-9.2.1-1.1/bin/../lib/gcc/arm-none-eabi/9.2.1/thumb/v7e-m+fp/hard\libgcc.a(unwind-arm.o)
 .ARM.exidx.text._Unwind_DebugHook
                0x00000000000287b8        0x0 c:/eclipse/xpack-arm-none-eabi-gcc-9.2.1-1.1/bin/../lib/gcc/arm-none-eabi/9.2.1/thumb/v7e-m+fp/hard\libgcc.a(unwind-arm.o)
                                          0x8 (size before relaxing)
 .ARM.exidx.text.unwind_phase2
                0x00000000000287b8        0x8 c:/eclipse/xpack-arm-none-eabi-gcc-9.2.1-1.1/bin/../lib/gcc/arm-none-eabi/9.2.1/thumb/v7e-m+fp/hard\libgcc.a(unwind-arm.o)
 .ARM.exidx.text.unwind_phase2_forced
                0x00000000000287c0        0x8 c:/eclipse/xpack-arm-none-eabi-gcc-9.2.1-1.1/bin/../lib/gcc/arm-none-eabi/9.2.1/thumb/v7e-m+fp/hard\libgcc.a(unwind-arm.o)
 .ARM.exidx.text.__gnu_Unwind_RaiseException
                0x00000000000287c8        0x8 c:/eclipse/xpack-arm-none-eabi-gcc-9.2.1-1.1/bin/../lib/gcc/arm-none-eabi/9.2.1/thumb/v7e-m+fp/hard\libgcc.a(unwind-arm.o)
 .ARM.exidx.text.__gnu_Unwind_ForcedUnwind
                0x00000000000287d0        0x8 c:/eclipse/xpack-arm-none-eabi-gcc-9.2.1-1.1/bin/../lib/gcc/arm-none-eabi/9.2.1/thumb/v7e-m+fp/hard\libgcc.a(unwind-arm.o)
 .ARM.exidx.text.__gnu_Unwind_Resume
                0x00000000000287d8        0x8 c:/eclipse/xpack-arm-none-eabi-gcc-9.2.1-1.1/bin/../lib/gcc/arm-none-eabi/9.2.1/thumb/v7e-m+fp/hard\libgcc.a(unwind-arm.o)
 .ARM.exidx.text.__gnu_Unwind_Resume_or_Rethrow
                0x00000000000287e0        0x8 c:/eclipse/xpack-arm-none-eabi-gcc-9.2.1-1.1/bin/../lib/gcc/arm-none-eabi/9.2.1/thumb/v7e-m+fp/hard\libgcc.a(unwind-arm.o)
 .ARM.exidx.text._Unwind_VRS_Get
                0x00000000000287e8        0x0 c:/eclipse/xpack-arm-none-eabi-gcc-9.2.1-1.1/bin/../lib/gcc/arm-none-eabi/9.2.1/thumb/v7e-m+fp/hard\libgcc.a(unwind-arm.o)
                                          0x8 (size before relaxing)
 .ARM.exidx.text._Unwind_GetGR
                0x00000000000287e8        0x0 c:/eclipse/xpack-arm-none-eabi-gcc-9.2.1-1.1/bin/../lib/gcc/arm-none-eabi/9.2.1/thumb/v7e-m+fp/hard\libgcc.a(unwind-arm.o)
                                          0x8 (size before relaxing)
 .ARM.exidx.text._Unwind_VRS_Set
                0x00000000000287e8        0x0 c:/eclipse/xpack-arm-none-eabi-gcc-9.2.1-1.1/bin/../lib/gcc/arm-none-eabi/9.2.1/thumb/v7e-m+fp/hard\libgcc.a(unwind-arm.o)
                                          0x8 (size before relaxing)
 .ARM.exidx.text._Unwind_SetGR
                0x00000000000287e8        0x0 c:/eclipse/xpack-arm-none-eabi-gcc-9.2.1-1.1/bin/../lib/gcc/arm-none-eabi/9.2.1/thumb/v7e-m+fp/hard\libgcc.a(unwind-arm.o)
                                          0x8 (size before relaxing)
 .ARM.exidx.text.__gnu_Unwind_Backtrace
                0x00000000000287e8        0x8 c:/eclipse/xpack-arm-none-eabi-gcc-9.2.1-1.1/bin/../lib/gcc/arm-none-eabi/9.2.1/thumb/v7e-m+fp/hard\libgcc.a(unwind-arm.o)
 .ARM.exidx.text.__gnu_unwind_pr_common
                0x00000000000287f0        0x8 c:/eclipse/xpack-arm-none-eabi-gcc-9.2.1-1.1/bin/../lib/gcc/arm-none-eabi/9.2.1/thumb/v7e-m+fp/hard\libgcc.a(unwind-arm.o)
 .ARM.exidx.text.__aeabi_unwind_cpp_pr0
                0x00000000000287f8        0x8 c:/eclipse/xpack-arm-none-eabi-gcc-9.2.1-1.1/bin/../lib/gcc/arm-none-eabi/9.2.1/thumb/v7e-m+fp/hard\libgcc.a(unwind-arm.o)
 .ARM.exidx.text.__aeabi_unwind_cpp_pr1
                0x0000000000028800        0x0 c:/eclipse/xpack-arm-none-eabi-gcc-9.2.1-1.1/bin/../lib/gcc/arm-none-eabi/9.2.1/thumb/v7e-m+fp/hard\libgcc.a(unwind-arm.o)
                                          0x8 (size before relaxing)
 .ARM.exidx.text.__aeabi_unwind_cpp_pr2
                0x0000000000028800        0x0 c:/eclipse/xpack-arm-none-eabi-gcc-9.2.1-1.1/bin/../lib/gcc/arm-none-eabi/9.2.1/thumb/v7e-m+fp/hard\libgcc.a(unwind-arm.o)
                                          0x8 (size before relaxing)
 .ARM.exidx.text._Unwind_VRS_Pop
                0x0000000000028800       0x10 c:/eclipse/xpack-arm-none-eabi-gcc-9.2.1-1.1/bin/../lib/gcc/arm-none-eabi/9.2.1/thumb/v7e-m+fp/hard\libgcc.a(unwind-arm.o)
                                          0x8 (size before relaxing)
 .ARM.exidx.text.next_unwind_byte
                0x0000000000028810        0x0 c:/eclipse/xpack-arm-none-eabi-gcc-9.2.1-1.1/bin/../lib/gcc/arm-none-eabi/9.2.1/thumb/v7e-m+fp/hard\libgcc.a(pr-support.o)
                                          0x8 (size before relaxing)
 .ARM.exidx.text.__gnu_unwind_execute
                0x0000000000028810       0x10 c:/eclipse/xpack-arm-none-eabi-gcc-9.2.1-1.1/bin/../lib/gcc/arm-none-eabi/9.2.1/thumb/v7e-m+fp/hard\libgcc.a(pr-support.o)
                                          0x8 (size before relaxing)
                0x0000000000028820                __exidx_end = .
                0x0000000000028820                __etext = .

.rel.dyn        0x0000000000028820        0x0
 .rel.iplt      0x0000000000028820        0x0 c:/eclipse/xpack-arm-none-eabi-gcc-9.2.1-1.1/bin/../lib/gcc/arm-none-eabi/9.2.1/thumb/v7e-m+fp/hard/crtbegin.o

.data           0x0000000020002ad8       0x70 load address 0x0000000000028820
                0x0000000020002ad8                __data_start__ = .
 *(vtable)
 *(.data*)
 .data.SystemCoreClock
                0x0000000020002ad8        0x4 _build/nrf52832_xxaa/system_nrf52.c.o
                0x0000000020002ad8                SystemCoreClock
 .data._impure_ptr
                0x0000000020002adc        0x4 c:/eclipse/xpack-arm-none-eabi-gcc-9.2.1-1.1/bin/../lib/gcc/arm-none-eabi/9.2.1/../../../../arm-none-eabi/lib/thumb/v7e-m+fp/hard\libc_nano.a(lib_a-impure.o)
                0x0000000020002adc                _impure_ptr
 .data.impure_data
                0x0000000020002ae0       0x60 c:/eclipse/xpack-arm-none-eabi-gcc-9.2.1-1.1/bin/../lib/gcc/arm-none-eabi/9.2.1/../../../../arm-none-eabi/lib/thumb/v7e-m+fp/hard\libc_nano.a(lib_a-impure.o)
                0x0000000020002b40                . = ALIGN (0x4)
                0x0000000020002b40                PROVIDE (__preinit_array_start = .)
 *(.preinit_array)
                0x0000000020002b40                PROVIDE (__preinit_array_end = .)
                0x0000000020002b40                . = ALIGN (0x4)
                0x0000000020002b40                PROVIDE (__init_array_start = .)
 *(SORT_BY_NAME(.init_array.*))
 *(.init_array)
 .init_array    0x0000000020002b40        0x4 c:/eclipse/xpack-arm-none-eabi-gcc-9.2.1-1.1/bin/../lib/gcc/arm-none-eabi/9.2.1/thumb/v7e-m+fp/hard/crtbegin.o
                0x0000000020002b44                PROVIDE (__init_array_end = .)
                0x0000000020002b44                . = ALIGN (0x4)
                [!provide]                        PROVIDE (__fini_array_start = .)
 *(SORT_BY_NAME(.fini_array.*))
 *(.fini_array)
 .fini_array    0x0000000020002b44        0x4 c:/eclipse/xpack-arm-none-eabi-gcc-9.2.1-1.1/bin/../lib/gcc/arm-none-eabi/9.2.1/thumb/v7e-m+fp/hard/crtbegin.o
                [!provide]                        PROVIDE (__fini_array_end = .)
 *(.jcr*)
                0x0000000020002b48                . = ALIGN (0x4)
                0x0000000020002b48                __data_end__ = .
LOAD c:/eclipse/xpack-arm-none-eabi-gcc-9.2.1-1.1/bin/../lib/gcc/arm-none-eabi/9.2.1/thumb/v7e-m+fp/hard/crti.o
LOAD c:/eclipse/xpack-arm-none-eabi-gcc-9.2.1-1.1/bin/../lib/gcc/arm-none-eabi/9.2.1/thumb/v7e-m+fp/hard/crtbegin.o
LOAD c:/eclipse/xpack-arm-none-eabi-gcc-9.2.1-1.1/bin/../lib/gcc/arm-none-eabi/9.2.1/../../../../arm-none-eabi/lib/thumb/v7e-m+fp/hard/crt0.o
LOAD _build/nrf52832_xxaa/gcc_startup_nrf52.S.o
LOAD _build/nrf52832_xxaa/nrf_log_frontend.c.o
LOAD _build/nrf52832_xxaa/nrf_log_str_formatter.c.o
LOAD _build/nrf52832_xxaa/app_button.c.o
LOAD _build/nrf52832_xxaa/app_error.c.o
LOAD _build/nrf52832_xxaa/app_error_handler_gcc.c.o
LOAD _build/nrf52832_xxaa/app_error_weak.c.o
LOAD _build/nrf52832_xxaa/app_fifo.c.o
LOAD _build/nrf52832_xxaa/app_scheduler.c.o
LOAD _build/nrf52832_xxaa/app_timer.c.o
LOAD _build/nrf52832_xxaa/app_uart_fifo.c.o
LOAD _build/nrf52832_xxaa/app_util_platform.c.o
LOAD _build/nrf52832_xxaa/hardfault_implementation.c.o
LOAD _build/nrf52832_xxaa/nrf_assert.c.o
LOAD _build/nrf52832_xxaa/nrf_atfifo.c.o
LOAD _build/nrf52832_xxaa/nrf_atflags.c.o
LOAD _build/nrf52832_xxaa/nrf_atomic.c.o
LOAD _build/nrf52832_xxaa/nrf_balloc.c.o
LOAD _build/nrf52832_xxaa/nrf_fprintf.c.o
LOAD _build/nrf52832_xxaa/nrf_fprintf_format.c.o
LOAD _build/nrf52832_xxaa/nrf_memobj.c.o
LOAD _build/nrf52832_xxaa/nrf_pwr_mgmt.c.o
LOAD _build/nrf52832_xxaa/nrf_ringbuf.c.o
LOAD _build/nrf52832_xxaa/nrf_section_iter.c.o
LOAD _build/nrf52832_xxaa/nrf_strerror.c.o
LOAD _build/nrf52832_xxaa/retarget.c.o
LOAD _build/nrf52832_xxaa/system_nrf52.c.o
LOAD _build/nrf52832_xxaa/boards.c.o
LOAD _build/nrf52832_xxaa/nrf_drv_clock.c.o
LOAD _build/nrf52832_xxaa/nrf_drv_uart.c.o
LOAD _build/nrf52832_xxaa/nrfx_atomic.c.o
LOAD _build/nrf52832_xxaa/nrfx_clock.c.o
LOAD _build/nrf52832_xxaa/nrfx_gpiote.c.o
LOAD _build/nrf52832_xxaa/nrfx_prs.c.o
LOAD _build/nrf52832_xxaa/nrfx_uart.c.o
LOAD _build/nrf52832_xxaa/nrfx_uarte.c.o
LOAD _build/nrf52832_xxaa/bsp.c.o
LOAD _build/nrf52832_xxaa/bsp_btn_ble.c.o
LOAD _build/nrf52832_xxaa/ble_advdata.c.o
LOAD _build/nrf52832_xxaa/ble_advertising.c.o
LOAD _build/nrf52832_xxaa/ble_conn_params.c.o
LOAD _build/nrf52832_xxaa/ble_conn_state.c.o
LOAD _build/nrf52832_xxaa/ble_link_ctx_manager.c.o
LOAD _build/nrf52832_xxaa/ble_srv_common.c.o
LOAD _build/nrf52832_xxaa/nrf_ble_gatt.c.o
LOAD _build/nrf52832_xxaa/nrf_ble_qwr.c.o
LOAD _build/nrf52832_xxaa/utf.c.o
LOAD _build/nrf52832_xxaa/ble_nus.c.o
LOAD _build/nrf52832_xxaa/nrf_sdh.c.o
LOAD _build/nrf52832_xxaa/nrf_sdh_ble.c.o
LOAD _build/nrf52832_xxaa/nrf_sdh_soc.c.o
LOAD _build/nrf52832_xxaa/nrf_nvmc.c.o
LOAD _build/nrf52832_xxaa/SEGGER_RTT.c.o
LOAD _build/nrf52832_xxaa/SEGGER_RTT_printf.c.o
LOAD _build/nrf52832_xxaa/main.cpp.o
LOAD _build/nrf52832_xxaa/GPIO.cpp.o
LOAD c:/eclipse/xpack-arm-none-eabi-gcc-9.2.1-1.1/bin/../lib/gcc/arm-none-eabi/9.2.1/../../../../arm-none-eabi/lib/thumb/v7e-m+fp/hard\libc_nano.a
LOAD c:/eclipse/xpack-arm-none-eabi-gcc-9.2.1-1.1/bin/../lib/gcc/arm-none-eabi/9.2.1/../../../../arm-none-eabi/lib/thumb/v7e-m+fp/hard\libnosys.a
LOAD c:/eclipse/xpack-arm-none-eabi-gcc-9.2.1-1.1/bin/../lib/gcc/arm-none-eabi/9.2.1/../../../../arm-none-eabi/lib/thumb/v7e-m+fp/hard\libm.a
START GROUP
LOAD c:/eclipse/xpack-arm-none-eabi-gcc-9.2.1-1.1/bin/../lib/gcc/arm-none-eabi/9.2.1/thumb/v7e-m+fp/hard\libgcc.a
LOAD c:/eclipse/xpack-arm-none-eabi-gcc-9.2.1-1.1/bin/../lib/gcc/arm-none-eabi/9.2.1/../../../../arm-none-eabi/lib/thumb/v7e-m+fp/hard\libg_nano.a
LOAD c:/eclipse/xpack-arm-none-eabi-gcc-9.2.1-1.1/bin/../lib/gcc/arm-none-eabi/9.2.1/../../../../arm-none-eabi/lib/thumb/v7e-m+fp/hard\libc_nano.a
END GROUP
START GROUP
LOAD c:/eclipse/xpack-arm-none-eabi-gcc-9.2.1-1.1/bin/../lib/gcc/arm-none-eabi/9.2.1/thumb/v7e-m+fp/hard\libgcc.a
LOAD c:/eclipse/xpack-arm-none-eabi-gcc-9.2.1-1.1/bin/../lib/gcc/arm-none-eabi/9.2.1/../../../../arm-none-eabi/lib/thumb/v7e-m+fp/hard\libc_nano.a
END GROUP
LOAD c:/eclipse/xpack-arm-none-eabi-gcc-9.2.1-1.1/bin/../lib/gcc/arm-none-eabi/9.2.1/thumb/v7e-m+fp/hard/crtend.o
LOAD c:/eclipse/xpack-arm-none-eabi-gcc-9.2.1-1.1/bin/../lib/gcc/arm-none-eabi/9.2.1/thumb/v7e-m+fp/hard/crtn.o
START GROUP
LOAD c:/eclipse/xpack-arm-none-eabi-gcc-9.2.1-1.1/bin/../lib/gcc/arm-none-eabi/9.2.1/thumb/v7e-m+fp/hard\libgcc.a
LOAD c:/eclipse/xpack-arm-none-eabi-gcc-9.2.1-1.1/bin/../lib/gcc/arm-none-eabi/9.2.1/../../../../arm-none-eabi/lib/thumb/v7e-m+fp/hard\libc.a
LOAD c:/eclipse/xpack-arm-none-eabi-gcc-9.2.1-1.1/bin/../lib/gcc/arm-none-eabi/9.2.1/../../../../arm-none-eabi/lib/thumb/v7e-m+fp/hard\libnosys.a
END GROUP

.igot.plt       0x0000000020002b48        0x0 load address 0x0000000000028890
 .igot.plt      0x0000000020002b48        0x0 c:/eclipse/xpack-arm-none-eabi-gcc-9.2.1-1.1/bin/../lib/gcc/arm-none-eabi/9.2.1/thumb/v7e-m+fp/hard/crtbegin.o
                0x0000000020002b48                . = ALIGN (0x4)

.mem_section_dummy_ram

.log_dynamic_data
                0x0000000020002b48        0x0
                [!provide]                        PROVIDE (__start_log_dynamic_data = .)
 *(SORT_BY_NAME(.log_dynamic_data*))
                [!provide]                        PROVIDE (__stop_log_dynamic_data = .)

.log_filter_data
                0x0000000020002b48        0x0
                [!provide]                        PROVIDE (__start_log_filter_data = .)
 *(SORT_BY_NAME(.log_filter_data*))
                [!provide]                        PROVIDE (__stop_log_filter_data = .)

.cli_sorted_cmd_ptrs
                0x0000000020002b48        0x0
                [!provide]                        PROVIDE (__start_cli_sorted_cmd_ptrs = .)
 *(.cli_sorted_cmd_ptrs)
                [!provide]                        PROVIDE (__stop_cli_sorted_cmd_ptrs = .)

.fs_data        0x0000000020002b48        0x0
                [!provide]                        PROVIDE (__start_fs_data = .)
 *(.fs_data)
                [!provide]                        PROVIDE (__stop_fs_data = .)

.bss            0x0000000020002b48      0x268 load address 0x0000000000028890
                0x0000000020002b48                . = ALIGN (0x4)
                0x0000000020002b48                __bss_start__ = .
 *(.bss*)
 .bss.completed.10274
                0x0000000020002b48        0x1 c:/eclipse/xpack-arm-none-eabi-gcc-9.2.1-1.1/bin/../lib/gcc/arm-none-eabi/9.2.1/thumb/v7e-m+fp/hard/crtbegin.o
 *fill*         0x0000000020002b49        0x3 
 .bss.object.10279
                0x0000000020002b4c       0x18 c:/eclipse/xpack-arm-none-eabi-gcc-9.2.1-1.1/bin/../lib/gcc/arm-none-eabi/9.2.1/thumb/v7e-m+fp/hard/crtbegin.o
 .bss.m_op_queue
                0x0000000020002b64      0x10c _build/nrf52832_xxaa/app_timer.c.o
 .bss.m_rtc1_reset
                0x0000000020002c70        0x1 _build/nrf52832_xxaa/app_timer.c.o
 .bss.m_rtc1_running
                0x0000000020002c71        0x1 _build/nrf52832_xxaa/app_timer.c.o
 *fill*         0x0000000020002c72        0x2 
 .bss.m_ticks_elapsed
                0x0000000020002c74        0x8 _build/nrf52832_xxaa/app_timer.c.o
 .bss.m_ticks_elapsed_q_read_ind
                0x0000000020002c7c        0x1 _build/nrf52832_xxaa/app_timer.c.o
 .bss.m_ticks_elapsed_q_write_ind
                0x0000000020002c7d        0x1 _build/nrf52832_xxaa/app_timer.c.o
 *fill*         0x0000000020002c7e        0x2 
 .bss.m_ticks_latest
                0x0000000020002c80        0x4 _build/nrf52832_xxaa/app_timer.c.o
 .bss.mp_timer_id_head
                0x0000000020002c84        0x4 _build/nrf52832_xxaa/app_timer.c.o
 .bss.m_clock_cb
                0x0000000020002c88       0x14 _build/nrf52832_xxaa/nrf_drv_clock.c.o
 .bss.m_clock_cb
                0x0000000020002c9c        0x8 _build/nrf52832_xxaa/nrfx_clock.c.o
 .bss.m_cb      0x0000000020002ca4       0x2c _build/nrf52832_xxaa/nrfx_uart.c.o
 .bss.m_events_list
                0x0000000020002cd0        0xc _build/nrf52832_xxaa/bsp.c.o
 .bss.m_error_handler
                0x0000000020002cdc        0x4 _build/nrf52832_xxaa/bsp_btn_ble.c.o
 .bss.m_num_connections
                0x0000000020002ce0        0x4 _build/nrf52832_xxaa/bsp_btn_ble.c.o
 .bss.m_conn_params_config
                0x0000000020002ce4       0x1c _build/nrf52832_xxaa/ble_conn_params.c.o
 .bss.m_conn_params_instances
                0x0000000020002d00       0x14 _build/nrf52832_xxaa/ble_conn_params.c.o
 .bss.m_preferred_conn_params
                0x0000000020002d14        0x8 _build/nrf52832_xxaa/ble_conn_params.c.o
 .bss.m_bcs     0x0000000020002d1c       0x7c _build/nrf52832_xxaa/ble_conn_state.c.o
 .bss.m_nrf_sdh_enabled
                0x0000000020002d98        0x1 _build/nrf52832_xxaa/nrf_sdh.c.o
 .bss.m_stack_is_enabled
                0x0000000020002d99        0x1 _build/nrf52832_xxaa/nrf_sdh_ble.c.o
 *fill*         0x0000000020002d9a        0x2 
 .bss._ZL4GPIO  0x0000000020002d9c        0x1 _build/nrf52832_xxaa/main.cpp.o
 *(COMMON)
 *fill*         0x0000000020002d9d        0x3 
 COMMON         0x0000000020002da0        0xc _build/nrf52832_xxaa/app_util_platform.c.o
                0x0000000020002da0                nrf_nvic_state
 COMMON         0x0000000020002dac        0x4 c:/eclipse/xpack-arm-none-eabi-gcc-9.2.1-1.1/bin/../lib/gcc/arm-none-eabi/9.2.1/../../../../arm-none-eabi/lib/thumb/v7e-m+fp/hard\libg_nano.a(lib_a-reent.o)
                0x0000000020002dac                errno
                0x0000000020002db0                . = ALIGN (0x4)
                0x0000000020002db0                __bss_end__ = .

.heap           0x0000000020002db0     0x2000
                0x0000000020002db0                __HeapBase = .
                0x0000000020002db0                __end__ = .
                0x0000000020002db0                PROVIDE (end = .)
 *(.heap*)
 .heap          0x0000000020002db0     0x2000 _build/nrf52832_xxaa/gcc_startup_nrf52.S.o
                0x0000000020004db0                __HeapLimit = .

.stack_dummy    0x0000000020002db0     0x2000
 *(.stack*)
 .stack         0x0000000020002db0     0x2000 _build/nrf52832_xxaa/gcc_startup_nrf52.S.o
                0x0000000020010000                __StackTop = (ORIGIN (RAM) + LENGTH (RAM))
                0x000000002000e000                __StackLimit = (__StackTop - SIZEOF (.stack_dummy))
                0x0000000020010000                PROVIDE (__stack = __StackTop)
                0x0000000000000001                ASSERT ((__StackLimit >= __HeapLimit), region RAM overflowed with stack)
                0x0000000000000070                DataInitFlashUsed = (__bss_start__ - __data_start__)
                0x0000000000002820                CodeFlashUsed = (__etext - ORIGIN (FLASH))
                0x0000000000002890                TotalFlashUsed = (CodeFlashUsed + DataInitFlashUsed)
                0x0000000000000001                ASSERT ((TotalFlashUsed <= LENGTH (FLASH)), region FLASH overflowed with .data and user data)
OUTPUT(_build/nrf52832_xxaa.out elf32-littlearm)

.ARM.attributes
                0x0000000000000000       0x30
 .ARM.attributes
                0x0000000000000000       0x1e c:/eclipse/xpack-arm-none-eabi-gcc-9.2.1-1.1/bin/../lib/gcc/arm-none-eabi/9.2.1/thumb/v7e-m+fp/hard/crti.o
 .ARM.attributes
                0x000000000000001e       0x34 c:/eclipse/xpack-arm-none-eabi-gcc-9.2.1-1.1/bin/../lib/gcc/arm-none-eabi/9.2.1/thumb/v7e-m+fp/hard/crtbegin.o
 .ARM.attributes
                0x0000000000000052       0x1c c:/eclipse/xpack-arm-none-eabi-gcc-9.2.1-1.1/bin/../lib/gcc/arm-none-eabi/9.2.1/../../../../arm-none-eabi/lib/thumb/v7e-m+fp/hard/crt0.o
 .ARM.attributes
                0x000000000000006e       0x20 _build/nrf52832_xxaa/gcc_startup_nrf52.S.o
 .ARM.attributes
                0x000000000000008e       0x34 _build/nrf52832_xxaa/app_error.c.o
 .ARM.attributes
                0x00000000000000c2       0x34 _build/nrf52832_xxaa/app_error_weak.c.o
 .ARM.attributes
                0x00000000000000f6       0x34 _build/nrf52832_xxaa/app_timer.c.o
 .ARM.attributes
                0x000000000000012a       0x34 _build/nrf52832_xxaa/app_util_platform.c.o
 .ARM.attributes
                0x000000000000015e       0x34 _build/nrf52832_xxaa/nrf_atflags.c.o
 .ARM.attributes
                0x0000000000000192       0x34 _build/nrf52832_xxaa/nrf_atomic.c.o
 .ARM.attributes
                0x00000000000001c6       0x34 _build/nrf52832_xxaa/nrf_section_iter.c.o
 .ARM.attributes
                0x00000000000001fa       0x34 _build/nrf52832_xxaa/system_nrf52.c.o
 .ARM.attributes
                0x000000000000022e       0x34 _build/nrf52832_xxaa/nrf_drv_clock.c.o
 .ARM.attributes
                0x0000000000000262       0x34 _build/nrf52832_xxaa/nrfx_clock.c.o
 .ARM.attributes
                0x0000000000000296       0x34 _build/nrf52832_xxaa/nrfx_uart.c.o
 .ARM.attributes
                0x00000000000002ca       0x34 _build/nrf52832_xxaa/bsp.c.o
 .ARM.attributes
                0x00000000000002fe       0x34 _build/nrf52832_xxaa/bsp_btn_ble.c.o
 .ARM.attributes
                0x0000000000000332       0x34 _build/nrf52832_xxaa/ble_conn_params.c.o
 .ARM.attributes
                0x0000000000000366       0x34 _build/nrf52832_xxaa/ble_conn_state.c.o
 .ARM.attributes
                0x000000000000039a       0x34 _build/nrf52832_xxaa/ble_srv_common.c.o
 .ARM.attributes
                0x00000000000003ce       0x34 _build/nrf52832_xxaa/nrf_sdh.c.o
 .ARM.attributes
                0x0000000000000402       0x34 _build/nrf52832_xxaa/nrf_sdh_ble.c.o
 .ARM.attributes
                0x0000000000000436       0x34 _build/nrf52832_xxaa/nrf_sdh_soc.c.o
 .ARM.attributes
                0x000000000000046a       0x34 _build/nrf52832_xxaa/main.cpp.o
 .ARM.attributes
                0x000000000000049e       0x34 _build/nrf52832_xxaa/GPIO.cpp.o
 .ARM.attributes
                0x00000000000004d2       0x34 c:/eclipse/xpack-arm-none-eabi-gcc-9.2.1-1.1/bin/../lib/gcc/arm-none-eabi/9.2.1/../../../../arm-none-eabi/lib/thumb/v7e-m+fp/hard\libc_nano.a(lib_a-exit.o)
 .ARM.attributes
                0x0000000000000506       0x32 c:/eclipse/xpack-arm-none-eabi-gcc-9.2.1-1.1/bin/../lib/gcc/arm-none-eabi/9.2.1/../../../../arm-none-eabi/lib/thumb/v7e-m+fp/hard\libc_nano.a(lib_a-impure.o)
 .ARM.attributes
                0x0000000000000538       0x34 c:/eclipse/xpack-arm-none-eabi-gcc-9.2.1-1.1/bin/../lib/gcc/arm-none-eabi/9.2.1/../../../../arm-none-eabi/lib/thumb/v7e-m+fp/hard\libc_nano.a(lib_a-init.o)
 .ARM.attributes
                0x000000000000056c       0x34 c:/eclipse/xpack-arm-none-eabi-gcc-9.2.1-1.1/bin/../lib/gcc/arm-none-eabi/9.2.1/../../../../arm-none-eabi/lib/thumb/v7e-m+fp/hard\libc_nano.a(lib_a-memset.o)
 .ARM.attributes
                0x00000000000005a0       0x34 c:/eclipse/xpack-arm-none-eabi-gcc-9.2.1-1.1/bin/../lib/gcc/arm-none-eabi/9.2.1/../../../../arm-none-eabi/lib/thumb/v7e-m+fp/hard\libnosys.a(_exit.o)
 .ARM.attributes
                0x00000000000005d4       0x32 c:/eclipse/xpack-arm-none-eabi-gcc-9.2.1-1.1/bin/../lib/gcc/arm-none-eabi/9.2.1/thumb/v7e-m+fp/hard/crtend.o
 .ARM.attributes
                0x0000000000000606       0x1e c:/eclipse/xpack-arm-none-eabi-gcc-9.2.1-1.1/bin/../lib/gcc/arm-none-eabi/9.2.1/thumb/v7e-m+fp/hard/crtn.o

.comment        0x0000000000000000       0x66
 .comment       0x0000000000000000       0x66 _build/nrf52832_xxaa/app_error.c.o
                                         0x67 (size before relaxing)
 .comment       0x0000000000000066       0x67 _build/nrf52832_xxaa/app_error_weak.c.o
 .comment       0x0000000000000066       0x67 _build/nrf52832_xxaa/app_timer.c.o
 .comment       0x0000000000000066       0x67 _build/nrf52832_xxaa/app_util_platform.c.o
 .comment       0x0000000000000066       0x67 _build/nrf52832_xxaa/nrf_atflags.c.o
 .comment       0x0000000000000066       0x67 _build/nrf52832_xxaa/nrf_atomic.c.o
 .comment       0x0000000000000066       0x67 _build/nrf52832_xxaa/nrf_section_iter.c.o
 .comment       0x0000000000000066       0x67 _build/nrf52832_xxaa/system_nrf52.c.o
 .comment       0x0000000000000066       0x67 _build/nrf52832_xxaa/nrf_drv_clock.c.o
 .comment       0x0000000000000066       0x67 _build/nrf52832_xxaa/nrfx_clock.c.o
 .comment       0x0000000000000066       0x67 _build/nrf52832_xxaa/nrfx_uart.c.o
 .comment       0x0000000000000066       0x67 _build/nrf52832_xxaa/bsp.c.o
 .comment       0x0000000000000066       0x67 _build/nrf52832_xxaa/bsp_btn_ble.c.o
 .comment       0x0000000000000066       0x67 _build/nrf52832_xxaa/ble_conn_params.c.o
 .comment       0x0000000000000066       0x67 _build/nrf52832_xxaa/ble_conn_state.c.o
 .comment       0x0000000000000066       0x67 _build/nrf52832_xxaa/ble_srv_common.c.o
 .comment       0x0000000000000066       0x67 _build/nrf52832_xxaa/nrf_sdh.c.o
 .comment       0x0000000000000066       0x67 _build/nrf52832_xxaa/nrf_sdh_ble.c.o
 .comment       0x0000000000000066       0x67 _build/nrf52832_xxaa/nrf_sdh_soc.c.o
 .comment       0x0000000000000066       0x67 _build/nrf52832_xxaa/main.cpp.o
 .comment       0x0000000000000066       0x67 _build/nrf52832_xxaa/GPIO.cpp.o

.debug_line     0x0000000000000000    0x10d8d
 .debug_line    0x0000000000000000       0x8b _build/nrf52832_xxaa/gcc_startup_nrf52.S.o
 .debug_line    0x000000000000008b      0x5ab _build/nrf52832_xxaa/app_error.c.o
 .debug_line    0x0000000000000636      0x84b _build/nrf52832_xxaa/app_error_weak.c.o
 .debug_line    0x0000000000000e81     0x17ee _build/nrf52832_xxaa/app_timer.c.o
 .debug_line    0x000000000000266f      0x7e9 _build/nrf52832_xxaa/app_util_platform.c.o
 .debug_line    0x0000000000002e58      0x8ba _build/nrf52832_xxaa/nrf_atflags.c.o
 .debug_line    0x0000000000003712      0x920 _build/nrf52832_xxaa/nrf_atomic.c.o
 .debug_line    0x0000000000004032      0x5f2 _build/nrf52832_xxaa/nrf_section_iter.c.o
 .debug_line    0x0000000000004624      0x914 _build/nrf52832_xxaa/system_nrf52.c.o
 .debug_line    0x0000000000004f38     0x121e _build/nrf52832_xxaa/nrf_drv_clock.c.o
 .debug_line    0x0000000000006156     0x1022 _build/nrf52832_xxaa/nrfx_clock.c.o
 .debug_line    0x0000000000007178     0x1e98 _build/nrf52832_xxaa/nrfx_uart.c.o
 .debug_line    0x0000000000009010     0x122d _build/nrf52832_xxaa/bsp.c.o
 .debug_line    0x000000000000a23d      0xbb3 _build/nrf52832_xxaa/bsp_btn_ble.c.o
 .debug_line    0x000000000000adf0      0xe83 _build/nrf52832_xxaa/ble_conn_params.c.o
 .debug_line    0x000000000000bc73     0x1239 _build/nrf52832_xxaa/ble_conn_state.c.o
 .debug_line    0x000000000000ceac      0xafb _build/nrf52832_xxaa/ble_srv_common.c.o
 .debug_line    0x000000000000d9a7     0x1025 _build/nrf52832_xxaa/nrf_sdh.c.o
 .debug_line    0x000000000000e9cc      0xa78 _build/nrf52832_xxaa/nrf_sdh_ble.c.o
 .debug_line    0x000000000000f444      0x816 _build/nrf52832_xxaa/nrf_sdh_soc.c.o
 .debug_line    0x000000000000fc5a      0x8cf _build/nrf52832_xxaa/main.cpp.o
 .debug_line    0x0000000000010529      0x864 _build/nrf52832_xxaa/GPIO.cpp.o

.debug_info     0x0000000000000000    0x25eb8
 .debug_info    0x0000000000000000       0x26 _build/nrf52832_xxaa/gcc_startup_nrf52.S.o
 .debug_info    0x0000000000000026      0xbac _build/nrf52832_xxaa/app_error.c.o
 .debug_info    0x0000000000000bd2      0xf9f _build/nrf52832_xxaa/app_error_weak.c.o
 .debug_info    0x0000000000001b71     0x29ce _build/nrf52832_xxaa/app_timer.c.o
 .debug_info    0x000000000000453f     0x12f5 _build/nrf52832_xxaa/app_util_platform.c.o
 .debug_info    0x0000000000005834      0xf4f _build/nrf52832_xxaa/nrf_atflags.c.o
 .debug_info    0x0000000000006783     0x13e4 _build/nrf52832_xxaa/nrf_atomic.c.o
 .debug_info    0x0000000000007b67      0xac1 _build/nrf52832_xxaa/nrf_section_iter.c.o
 .debug_info    0x0000000000008628     0x1277 _build/nrf52832_xxaa/system_nrf52.c.o
 .debug_info    0x000000000000989f     0x2052 _build/nrf52832_xxaa/nrf_drv_clock.c.o
 .debug_info    0x000000000000b8f1     0x1e3b _build/nrf52832_xxaa/nrfx_clock.c.o
 .debug_info    0x000000000000d72c     0x4084 _build/nrf52832_xxaa/nrfx_uart.c.o
 .debug_info    0x00000000000117b0     0x1e8e _build/nrf52832_xxaa/bsp.c.o
 .debug_info    0x000000000001363e     0x28b2 _build/nrf52832_xxaa/bsp_btn_ble.c.o
 .debug_info    0x0000000000015ef0     0x3556 _build/nrf52832_xxaa/ble_conn_params.c.o
 .debug_info    0x0000000000019446     0x39c9 _build/nrf52832_xxaa/ble_conn_state.c.o
 .debug_info    0x000000000001ce0f     0x1702 _build/nrf52832_xxaa/ble_srv_common.c.o
 .debug_info    0x000000000001e511     0x2045 _build/nrf52832_xxaa/nrf_sdh.c.o
 .debug_info    0x0000000000020556     0x3045 _build/nrf52832_xxaa/nrf_sdh_ble.c.o
 .debug_info    0x000000000002359b      0xf5a _build/nrf52832_xxaa/nrf_sdh_soc.c.o
 .debug_info    0x00000000000244f5      0xd1d _build/nrf52832_xxaa/main.cpp.o
 .debug_info    0x0000000000025212      0xca6 _build/nrf52832_xxaa/GPIO.cpp.o

.debug_abbrev   0x0000000000000000     0x53e5
 .debug_abbrev  0x0000000000000000       0x14 _build/nrf52832_xxaa/gcc_startup_nrf52.S.o
 .debug_abbrev  0x0000000000000014      0x276 _build/nrf52832_xxaa/app_error.c.o
 .debug_abbrev  0x000000000000028a      0x2b2 _build/nrf52832_xxaa/app_error_weak.c.o
 .debug_abbrev  0x000000000000053c      0x531 _build/nrf52832_xxaa/app_timer.c.o
 .debug_abbrev  0x0000000000000a6d      0x3df _build/nrf52832_xxaa/app_util_platform.c.o
 .debug_abbrev  0x0000000000000e4c      0x367 _build/nrf52832_xxaa/nrf_atflags.c.o
 .debug_abbrev  0x00000000000011b3      0x378 _build/nrf52832_xxaa/nrf_atomic.c.o
 .debug_abbrev  0x000000000000152b      0x206 _build/nrf52832_xxaa/nrf_section_iter.c.o
 .debug_abbrev  0x0000000000001731      0x226 _build/nrf52832_xxaa/system_nrf52.c.o
 .debug_abbrev  0x0000000000001957      0x5da _build/nrf52832_xxaa/nrf_drv_clock.c.o
 .debug_abbrev  0x0000000000001f31      0x534 _build/nrf52832_xxaa/nrfx_clock.c.o
 .debug_abbrev  0x0000000000002465      0x52d _build/nrf52832_xxaa/nrfx_uart.c.o
 .debug_abbrev  0x0000000000002992      0x52c _build/nrf52832_xxaa/bsp.c.o
 .debug_abbrev  0x0000000000002ebe      0x3c6 _build/nrf52832_xxaa/bsp_btn_ble.c.o
 .debug_abbrev  0x0000000000003284      0x587 _build/nrf52832_xxaa/ble_conn_params.c.o
 .debug_abbrev  0x000000000000380b      0x5c2 _build/nrf52832_xxaa/ble_conn_state.c.o
 .debug_abbrev  0x0000000000003dcd      0x3be _build/nrf52832_xxaa/ble_srv_common.c.o
 .debug_abbrev  0x000000000000418b      0x54d _build/nrf52832_xxaa/nrf_sdh.c.o
 .debug_abbrev  0x00000000000046d8      0x45d _build/nrf52832_xxaa/nrf_sdh_ble.c.o
 .debug_abbrev  0x0000000000004b35      0x2e2 _build/nrf52832_xxaa/nrf_sdh_soc.c.o
 .debug_abbrev  0x0000000000004e17      0x31e _build/nrf52832_xxaa/main.cpp.o
 .debug_abbrev  0x0000000000005135      0x2b0 _build/nrf52832_xxaa/GPIO.cpp.o

.debug_aranges  0x0000000000000000      0x780
 .debug_aranges
                0x0000000000000000       0x20 _build/nrf52832_xxaa/gcc_startup_nrf52.S.o
 .debug_aranges
                0x0000000000000020       0x28 _build/nrf52832_xxaa/app_error.c.o
 .debug_aranges
                0x0000000000000048       0x20 _build/nrf52832_xxaa/app_error_weak.c.o
 .debug_aranges
                0x0000000000000068       0x70 _build/nrf52832_xxaa/app_timer.c.o
 .debug_aranges
                0x00000000000000d8       0x48 _build/nrf52832_xxaa/app_util_platform.c.o
 .debug_aranges
                0x0000000000000120       0x58 _build/nrf52832_xxaa/nrf_atflags.c.o
 .debug_aranges
                0x0000000000000178       0xb0 _build/nrf52832_xxaa/nrf_atomic.c.o
 .debug_aranges
                0x0000000000000228       0x28 _build/nrf52832_xxaa/nrf_section_iter.c.o
 .debug_aranges
                0x0000000000000250       0x28 _build/nrf52832_xxaa/system_nrf52.c.o
 .debug_aranges
                0x0000000000000278       0xa8 _build/nrf52832_xxaa/nrf_drv_clock.c.o
 .debug_aranges
                0x0000000000000320       0x78 _build/nrf52832_xxaa/nrfx_clock.c.o
 .debug_aranges
                0x0000000000000398       0x78 _build/nrf52832_xxaa/nrfx_uart.c.o
 .debug_aranges
                0x0000000000000410       0x80 _build/nrf52832_xxaa/bsp.c.o
 .debug_aranges
                0x0000000000000490       0x30 _build/nrf52832_xxaa/bsp_btn_ble.c.o
 .debug_aranges
                0x00000000000004c0       0x60 _build/nrf52832_xxaa/ble_conn_params.c.o
 .debug_aranges
                0x0000000000000520       0xc8 _build/nrf52832_xxaa/ble_conn_state.c.o
 .debug_aranges
                0x00000000000005e8       0x58 _build/nrf52832_xxaa/ble_srv_common.c.o
 .debug_aranges
                0x0000000000000640       0x70 _build/nrf52832_xxaa/nrf_sdh.c.o
 .debug_aranges
                0x00000000000006b0       0x58 _build/nrf52832_xxaa/nrf_sdh_ble.c.o
 .debug_aranges
                0x0000000000000708       0x28 _build/nrf52832_xxaa/nrf_sdh_soc.c.o
 .debug_aranges
                0x0000000000000730       0x20 _build/nrf52832_xxaa/main.cpp.o
 .debug_aranges
                0x0000000000000750       0x30 _build/nrf52832_xxaa/GPIO.cpp.o

.debug_str      0x0000000000000000    0x8e8b3
 .debug_str     0x0000000000000000       0x99 _build/nrf52832_xxaa/gcc_startup_nrf52.S.o
 .debug_str     0x0000000000000099    0x5ff4a _build/nrf52832_xxaa/app_error.c.o
                                      0x60b3a (size before relaxing)
 .debug_str     0x000000000005ffe3    0x14330 _build/nrf52832_xxaa/app_error_weak.c.o
                                      0x7627c (size before relaxing)
 .debug_str     0x0000000000074313     0x82bf _build/nrf52832_xxaa/app_timer.c.o
                                      0x7afd9 (size before relaxing)
 .debug_str     0x000000000007c5d2      0x26c _build/nrf52832_xxaa/app_util_platform.c.o
                                      0x61f25 (size before relaxing)
 .debug_str     0x000000000007c83e      0x3d9 _build/nrf52832_xxaa/nrf_atflags.c.o
                                      0x71719 (size before relaxing)
 .debug_str     0x000000000007cc17      0x6e9 _build/nrf52832_xxaa/nrf_atomic.c.o
                                      0x71a74 (size before relaxing)
 .debug_str     0x000000000007d300      0x25a _build/nrf52832_xxaa/nrf_section_iter.c.o
                                      0x7189c (size before relaxing)
 .debug_str     0x000000000007d55a      0x47a _build/nrf52832_xxaa/system_nrf52.c.o
                                      0x5c5cc (size before relaxing)
 .debug_str     0x000000000007d9d4     0x1639 _build/nrf52832_xxaa/nrf_drv_clock.c.o
                                      0x7e330 (size before relaxing)
 .debug_str     0x000000000007f00d      0x8a2 _build/nrf52832_xxaa/nrfx_clock.c.o
                                      0x7d825 (size before relaxing)
 .debug_str     0x000000000007f8af     0x11f6 _build/nrf52832_xxaa/nrfx_uart.c.o
                                      0x7e07f (size before relaxing)
 .debug_str     0x0000000000080aa5     0x21ad _build/nrf52832_xxaa/bsp.c.o
                                      0x7c039 (size before relaxing)
 .debug_str     0x0000000000082c52     0x6bf1 _build/nrf52832_xxaa/bsp_btn_ble.c.o
                                      0x82193 (size before relaxing)
 .debug_str     0x0000000000089843     0x1d2d _build/nrf52832_xxaa/ble_conn_params.c.o
                                      0x7acd2 (size before relaxing)
 .debug_str     0x000000000008b570      0x875 _build/nrf52832_xxaa/ble_conn_state.c.o
                                      0x7a3d8 (size before relaxing)
 .debug_str     0x000000000008bde5      0x6a7 _build/nrf52832_xxaa/ble_srv_common.c.o
                                      0x6f2ae (size before relaxing)
 .debug_str     0x000000000008c48c      0x546 _build/nrf52832_xxaa/nrf_sdh.c.o
                                      0x76c4a (size before relaxing)
 .debug_str     0x000000000008c9d2      0x7ec _build/nrf52832_xxaa/nrf_sdh_ble.c.o
                                      0x7baf6 (size before relaxing)
 .debug_str     0x000000000008d1be      0x189 _build/nrf52832_xxaa/nrf_sdh_soc.c.o
                                      0x75c03 (size before relaxing)
 .debug_str     0x000000000008d347     0x153f _build/nrf52832_xxaa/main.cpp.o
                                      0x7ab93 (size before relaxing)
 .debug_str     0x000000000008e886       0x2d _build/nrf52832_xxaa/GPIO.cpp.o
                                      0x7ab39 (size before relaxing)

.debug_loc      0x0000000000000000     0x8b80
 .debug_loc     0x0000000000000000       0xc8 _build/nrf52832_xxaa/app_error.c.o
 .debug_loc     0x00000000000000c8       0x4a _build/nrf52832_xxaa/app_error_weak.c.o
 .debug_loc     0x0000000000000112     0x142a _build/nrf52832_xxaa/app_timer.c.o
 .debug_loc     0x000000000000153c      0x1e9 _build/nrf52832_xxaa/app_util_platform.c.o
 .debug_loc     0x0000000000001725      0x4e7 _build/nrf52832_xxaa/nrf_atflags.c.o
 .debug_loc     0x0000000000001c0c      0x587 _build/nrf52832_xxaa/nrf_atomic.c.o
 .debug_loc     0x0000000000002193      0x58b _build/nrf52832_xxaa/nrf_drv_clock.c.o
 .debug_loc     0x000000000000271e      0x341 _build/nrf52832_xxaa/nrfx_clock.c.o
 .debug_loc     0x0000000000002a5f     0x1f29 _build/nrf52832_xxaa/nrfx_uart.c.o
 .debug_loc     0x0000000000004988      0xdd6 _build/nrf52832_xxaa/bsp.c.o
 .debug_loc     0x000000000000575e      0x2a2 _build/nrf52832_xxaa/bsp_btn_ble.c.o
 .debug_loc     0x0000000000005a00      0xdd4 _build/nrf52832_xxaa/ble_conn_params.c.o
 .debug_loc     0x00000000000067d4     0x1318 _build/nrf52832_xxaa/ble_conn_state.c.o
 .debug_loc     0x0000000000007aec      0x6d9 _build/nrf52832_xxaa/ble_srv_common.c.o
 .debug_loc     0x00000000000081c5      0x4c7 _build/nrf52832_xxaa/nrf_sdh.c.o
 .debug_loc     0x000000000000868c      0x278 _build/nrf52832_xxaa/nrf_sdh_ble.c.o
 .debug_loc     0x0000000000008904       0x97 _build/nrf52832_xxaa/nrf_sdh_soc.c.o
 .debug_loc     0x000000000000899b       0x79 _build/nrf52832_xxaa/main.cpp.o
 .debug_loc     0x0000000000008a14      0x16c _build/nrf52832_xxaa/GPIO.cpp.o

.debug_ranges   0x0000000000000000     0x3098
 .debug_ranges  0x0000000000000000       0x18 _build/nrf52832_xxaa/app_error.c.o
 .debug_ranges  0x0000000000000018       0x10 _build/nrf52832_xxaa/app_error_weak.c.o
 .debug_ranges  0x0000000000000028      0x788 _build/nrf52832_xxaa/app_timer.c.o
 .debug_ranges  0x00000000000007b0      0x100 _build/nrf52832_xxaa/app_util_platform.c.o
 .debug_ranges  0x00000000000008b0      0x188 _build/nrf52832_xxaa/nrf_atflags.c.o
 .debug_ranges  0x0000000000000a38      0x228 _build/nrf52832_xxaa/nrf_atomic.c.o
 .debug_ranges  0x0000000000000c60       0x18 _build/nrf52832_xxaa/nrf_section_iter.c.o
 .debug_ranges  0x0000000000000c78      0x208 _build/nrf52832_xxaa/system_nrf52.c.o
 .debug_ranges  0x0000000000000e80      0x350 _build/nrf52832_xxaa/nrf_drv_clock.c.o
 .debug_ranges  0x00000000000011d0      0x2d8 _build/nrf52832_xxaa/nrfx_clock.c.o
 .debug_ranges  0x00000000000014a8      0x968 _build/nrf52832_xxaa/nrfx_uart.c.o
 .debug_ranges  0x0000000000001e10      0x290 _build/nrf52832_xxaa/bsp.c.o
 .debug_ranges  0x00000000000020a0       0xb0 _build/nrf52832_xxaa/bsp_btn_ble.c.o
 .debug_ranges  0x0000000000002150      0x2e0 _build/nrf52832_xxaa/ble_conn_params.c.o
 .debug_ranges  0x0000000000002430      0x470 _build/nrf52832_xxaa/ble_conn_state.c.o
 .debug_ranges  0x00000000000028a0      0x148 _build/nrf52832_xxaa/ble_srv_common.c.o
 .debug_ranges  0x00000000000029e8      0x548 _build/nrf52832_xxaa/nrf_sdh.c.o
 .debug_ranges  0x0000000000002f30       0xb8 _build/nrf52832_xxaa/nrf_sdh_ble.c.o
 .debug_ranges  0x0000000000002fe8       0x68 _build/nrf52832_xxaa/nrf_sdh_soc.c.o
 .debug_ranges  0x0000000000003050       0x28 _build/nrf52832_xxaa/main.cpp.o
 .debug_ranges  0x0000000000003078       0x20 _build/nrf52832_xxaa/GPIO.cpp.o

.debug_macro    0x0000000000000000     0xa76b
 .debug_macro   0x0000000000000000      0x22a _build/nrf52832_xxaa/app_error.c.o
 .debug_macro   0x000000000000022a       0x35 _build/nrf52832_xxaa/app_error.c.o
 .debug_macro   0x000000000000025f       0x26 _build/nrf52832_xxaa/app_error.c.o
 .debug_macro   0x0000000000000285       0x16 _build/nrf52832_xxaa/app_error.c.o
 .debug_macro   0x000000000000029b       0x97 _build/nrf52832_xxaa/app_error.c.o
 .debug_macro   0x0000000000000332       0xf6 _build/nrf52832_xxaa/app_error.c.o
 .debug_macro   0x0000000000000428       0x10 _build/nrf52832_xxaa/app_error.c.o
 .debug_macro   0x0000000000000438       0x10 _build/nrf52832_xxaa/app_error.c.o
 .debug_macro   0x0000000000000448       0xb6 _build/nrf52832_xxaa/app_error.c.o
 .debug_macro   0x00000000000004fe       0x16 _build/nrf52832_xxaa/app_error.c.o
 .debug_macro   0x0000000000000514      0x129 _build/nrf52832_xxaa/app_error.c.o
 .debug_macro   0x000000000000063d       0x49 _build/nrf52832_xxaa/app_error.c.o
 .debug_macro   0x0000000000000686      0x37e _build/nrf52832_xxaa/app_error_weak.c.o
 .debug_macro   0x0000000000000a04       0x16 _build/nrf52832_xxaa/app_error_weak.c.o
 .debug_macro   0x0000000000000a1a       0x31 _build/nrf52832_xxaa/app_error_weak.c.o
 .debug_macro   0x0000000000000a4b       0x16 _build/nrf52832_xxaa/app_error_weak.c.o
 .debug_macro   0x0000000000000a61       0x55 _build/nrf52832_xxaa/app_error_weak.c.o
 .debug_macro   0x0000000000000ab6      0x17f _build/nrf52832_xxaa/app_error_weak.c.o
 .debug_macro   0x0000000000000c35       0x9a _build/nrf52832_xxaa/app_error_weak.c.o
 .debug_macro   0x0000000000000ccf       0x28 _build/nrf52832_xxaa/app_error_weak.c.o
 .debug_macro   0x0000000000000cf7       0x23 _build/nrf52832_xxaa/app_error_weak.c.o
 .debug_macro   0x0000000000000d1a       0x1c _build/nrf52832_xxaa/app_error_weak.c.o
 .debug_macro   0x0000000000000d36       0x46 _build/nrf52832_xxaa/app_error_weak.c.o
 .debug_macro   0x0000000000000d7c       0x88 _build/nrf52832_xxaa/app_error_weak.c.o
 .debug_macro   0x0000000000000e04       0x3a _build/nrf52832_xxaa/app_error_weak.c.o
 .debug_macro   0x0000000000000e3e       0x8c _build/nrf52832_xxaa/app_error_weak.c.o
 .debug_macro   0x0000000000000eca       0x1c _build/nrf52832_xxaa/app_error_weak.c.o
 .debug_macro   0x0000000000000ee6      0x11b _build/nrf52832_xxaa/app_error_weak.c.o
 .debug_macro   0x0000000000001001      0x447 _build/nrf52832_xxaa/app_timer.c.o
 .debug_macro   0x0000000000001448       0x3c _build/nrf52832_xxaa/app_timer.c.o
 .debug_macro   0x0000000000001484       0x16 _build/nrf52832_xxaa/app_timer.c.o
 .debug_macro   0x000000000000149a       0x22 _build/nrf52832_xxaa/app_timer.c.o
 .debug_macro   0x00000000000014bc      0x3b1 _build/nrf52832_xxaa/app_timer.c.o
 .debug_macro   0x000000000000186d       0x59 _build/nrf52832_xxaa/app_timer.c.o
 .debug_macro   0x00000000000018c6      0xe8c _build/nrf52832_xxaa/app_timer.c.o
 .debug_macro   0x0000000000002752      0x131 _build/nrf52832_xxaa/app_timer.c.o
 .debug_macro   0x0000000000002883       0x45 _build/nrf52832_xxaa/app_timer.c.o
 .debug_macro   0x00000000000028c8       0x19 _build/nrf52832_xxaa/app_timer.c.o
 .debug_macro   0x00000000000028e1       0x1d _build/nrf52832_xxaa/app_timer.c.o
 .debug_macro   0x00000000000028fe       0x35 _build/nrf52832_xxaa/app_timer.c.o
 .debug_macro   0x0000000000002933       0x7b _build/nrf52832_xxaa/app_timer.c.o
 .debug_macro   0x00000000000029ae       0x22 _build/nrf52832_xxaa/app_timer.c.o
 .debug_macro   0x00000000000029d0       0x40 _build/nrf52832_xxaa/app_timer.c.o
 .debug_macro   0x0000000000002a10       0x20 _build/nrf52832_xxaa/app_timer.c.o
 .debug_macro   0x0000000000002a30      0x26e _build/nrf52832_xxaa/app_util_platform.c.o
 .debug_macro   0x0000000000002c9e      0x252 _build/nrf52832_xxaa/nrf_atflags.c.o
 .debug_macro   0x0000000000002ef0       0x22 _build/nrf52832_xxaa/nrf_atflags.c.o
 .debug_macro   0x0000000000002f12      0x24c _build/nrf52832_xxaa/nrf_atomic.c.o
 .debug_macro   0x000000000000315e       0x42 _build/nrf52832_xxaa/nrf_atomic.c.o
 .debug_macro   0x00000000000031a0      0x25b _build/nrf52832_xxaa/nrf_section_iter.c.o
 .debug_macro   0x00000000000033fb       0x11 _build/nrf52832_xxaa/nrf_section_iter.c.o
 .debug_macro   0x000000000000340c       0xfc _build/nrf52832_xxaa/system_nrf52.c.o
 .debug_macro   0x0000000000003508      0x48d _build/nrf52832_xxaa/nrf_drv_clock.c.o
 .debug_macro   0x0000000000003995       0x16 _build/nrf52832_xxaa/nrf_drv_clock.c.o
 .debug_macro   0x00000000000039ab       0x10 _build/nrf52832_xxaa/nrf_drv_clock.c.o
 .debug_macro   0x00000000000039bb       0x2b _build/nrf52832_xxaa/nrf_drv_clock.c.o
 .debug_macro   0x00000000000039e6       0x16 _build/nrf52832_xxaa/nrf_drv_clock.c.o
 .debug_macro   0x00000000000039fc      0x179 _build/nrf52832_xxaa/nrf_drv_clock.c.o
 .debug_macro   0x0000000000003b75      0x442 _build/nrf52832_xxaa/nrfx_clock.c.o
 .debug_macro   0x0000000000003fb7       0x1c _build/nrf52832_xxaa/nrfx_clock.c.o
 .debug_macro   0x0000000000003fd3       0x42 _build/nrf52832_xxaa/nrfx_clock.c.o
 .debug_macro   0x0000000000004015      0x43e _build/nrf52832_xxaa/nrfx_uart.c.o
 .debug_macro   0x0000000000004453       0x28 _build/nrf52832_xxaa/nrfx_uart.c.o
 .debug_macro   0x000000000000447b       0x1c _build/nrf52832_xxaa/nrfx_uart.c.o
 .debug_macro   0x0000000000004497      0x3d3 _build/nrf52832_xxaa/bsp.c.o
 .debug_macro   0x000000000000486a       0x1c _build/nrf52832_xxaa/bsp.c.o
 .debug_macro   0x0000000000004886       0x1c _build/nrf52832_xxaa/bsp.c.o
 .debug_macro   0x00000000000048a2      0x100 _build/nrf52832_xxaa/bsp.c.o
 .debug_macro   0x00000000000049a2       0x42 _build/nrf52832_xxaa/bsp.c.o
 .debug_macro   0x00000000000049e4      0x4a0 _build/nrf52832_xxaa/bsp_btn_ble.c.o
 .debug_macro   0x0000000000004e84       0x46 _build/nrf52832_xxaa/bsp_btn_ble.c.o
 .debug_macro   0x0000000000004eca       0xb2 _build/nrf52832_xxaa/bsp_btn_ble.c.o
 .debug_macro   0x0000000000004f7c      0x13a _build/nrf52832_xxaa/bsp_btn_ble.c.o
 .debug_macro   0x00000000000050b6      0x204 _build/nrf52832_xxaa/bsp_btn_ble.c.o
 .debug_macro   0x00000000000052ba      0x5a6 _build/nrf52832_xxaa/bsp_btn_ble.c.o
 .debug_macro   0x0000000000005860       0x8c _build/nrf52832_xxaa/bsp_btn_ble.c.o
 .debug_macro   0x00000000000058ec      0x205 _build/nrf52832_xxaa/bsp_btn_ble.c.o
 .debug_macro   0x0000000000005af1       0x1c _build/nrf52832_xxaa/bsp_btn_ble.c.o
 .debug_macro   0x0000000000005b0d       0xf4 _build/nrf52832_xxaa/bsp_btn_ble.c.o
 .debug_macro   0x0000000000005c01       0x3c _build/nrf52832_xxaa/bsp_btn_ble.c.o
 .debug_macro   0x0000000000005c3d       0x1c _build/nrf52832_xxaa/bsp_btn_ble.c.o
 .debug_macro   0x0000000000005c59      0x3df _build/nrf52832_xxaa/ble_conn_params.c.o
 .debug_macro   0x0000000000006038       0x40 _build/nrf52832_xxaa/ble_conn_params.c.o
 .debug_macro   0x0000000000006078       0x10 _build/nrf52832_xxaa/ble_conn_params.c.o
 .debug_macro   0x0000000000006088      0x3bf _build/nrf52832_xxaa/ble_conn_state.c.o
 .debug_macro   0x0000000000006447      0x2fd _build/nrf52832_xxaa/ble_srv_common.c.o
 .debug_macro   0x0000000000006744      0x399 _build/nrf52832_xxaa/nrf_sdh.c.o
 .debug_macro   0x0000000000006add      0x16d _build/nrf52832_xxaa/nrf_sdh.c.o
 .debug_macro   0x0000000000006c4a      0x3ce _build/nrf52832_xxaa/nrf_sdh_ble.c.o
 .debug_macro   0x0000000000007018       0x31 _build/nrf52832_xxaa/nrf_sdh_ble.c.o
 .debug_macro   0x0000000000007049      0x370 _build/nrf52832_xxaa/nrf_sdh_soc.c.o
 .debug_macro   0x00000000000073b9      0x40d _build/nrf52832_xxaa/main.cpp.o
 .debug_macro   0x00000000000077c6      0xbce _build/nrf52832_xxaa/main.cpp.o
 .debug_macro   0x0000000000008394       0x94 _build/nrf52832_xxaa/main.cpp.o
 .debug_macro   0x0000000000008428       0x34 _build/nrf52832_xxaa/main.cpp.o
 .debug_macro   0x000000000000845c       0x97 _build/nrf52832_xxaa/main.cpp.o
 .debug_macro   0x00000000000084f3      0x35c _build/nrf52832_xxaa/main.cpp.o
 .debug_macro   0x000000000000884f      0x104 _build/nrf52832_xxaa/main.cpp.o
 .debug_macro   0x0000000000008953       0x43 _build/nrf52832_xxaa/main.cpp.o
 .debug_macro   0x0000000000008996       0x1c _build/nrf52832_xxaa/main.cpp.o
 .debug_macro   0x00000000000089b2       0x52 _build/nrf52832_xxaa/main.cpp.o
 .debug_macro   0x0000000000008a04       0x40 _build/nrf52832_xxaa/main.cpp.o
 .debug_macro   0x0000000000008a44       0x10 _build/nrf52832_xxaa/main.cpp.o
 .debug_macro   0x0000000000008a54       0x40 _build/nrf52832_xxaa/main.cpp.o
 .debug_macro   0x0000000000008a94       0xd7 _build/nrf52832_xxaa/main.cpp.o
 .debug_macro   0x0000000000008b6b       0x1c _build/nrf52832_xxaa/main.cpp.o
 .debug_macro   0x0000000000008b87       0x3d _build/nrf52832_xxaa/main.cpp.o
 .debug_macro   0x0000000000008bc4      0x137 _build/nrf52832_xxaa/main.cpp.o
 .debug_macro   0x0000000000008cfb       0x1c _build/nrf52832_xxaa/main.cpp.o
 .debug_macro   0x0000000000008d17       0x16 _build/nrf52832_xxaa/main.cpp.o
 .debug_macro   0x0000000000008d2d      0xe66 _build/nrf52832_xxaa/main.cpp.o
 .debug_macro   0x0000000000009b93       0x16 _build/nrf52832_xxaa/main.cpp.o
 .debug_macro   0x0000000000009ba9      0x79e _build/nrf52832_xxaa/main.cpp.o
 .debug_macro   0x000000000000a347       0x22 _build/nrf52832_xxaa/main.cpp.o
 .debug_macro   0x000000000000a369       0x10 _build/nrf52832_xxaa/main.cpp.o
 .debug_macro   0x000000000000a379      0x3f2 _build/nrf52832_xxaa/GPIO.cpp.o

.debug_frame    0x0000000000000000     0x146c
 .debug_frame   0x0000000000000000       0x54 _build/nrf52832_xxaa/app_error.c.o
 .debug_frame   0x0000000000000054       0x20 _build/nrf52832_xxaa/app_error_weak.c.o
 .debug_frame   0x0000000000000074      0x16c _build/nrf52832_xxaa/app_timer.c.o
 .debug_frame   0x00000000000001e0       0x90 _build/nrf52832_xxaa/app_util_platform.c.o
 .debug_frame   0x0000000000000270       0xf0 _build/nrf52832_xxaa/nrf_atflags.c.o
 .debug_frame   0x0000000000000360      0x228 _build/nrf52832_xxaa/nrf_atomic.c.o
 .debug_frame   0x0000000000000588       0x30 _build/nrf52832_xxaa/nrf_section_iter.c.o
 .debug_frame   0x00000000000005b8       0x40 _build/nrf52832_xxaa/system_nrf52.c.o
 .debug_frame   0x00000000000005f8      0x1f8 _build/nrf52832_xxaa/nrf_drv_clock.c.o
 .debug_frame   0x00000000000007f0      0x110 _build/nrf52832_xxaa/nrfx_clock.c.o
 .debug_frame   0x0000000000000900      0x194 _build/nrf52832_xxaa/nrfx_uart.c.o
 .debug_frame   0x0000000000000a94      0x18c _build/nrf52832_xxaa/bsp.c.o
 .debug_frame   0x0000000000000c20       0x60 _build/nrf52832_xxaa/bsp_btn_ble.c.o
 .debug_frame   0x0000000000000c80      0x100 _build/nrf52832_xxaa/ble_conn_params.c.o
 .debug_frame   0x0000000000000d80      0x2f4 _build/nrf52832_xxaa/ble_conn_state.c.o
 .debug_frame   0x0000000000001074       0xcc _build/nrf52832_xxaa/ble_srv_common.c.o
 .debug_frame   0x0000000000001140      0x128 _build/nrf52832_xxaa/nrf_sdh.c.o
 .debug_frame   0x0000000000001268       0xc4 _build/nrf52832_xxaa/nrf_sdh_ble.c.o
 .debug_frame   0x000000000000132c       0x40 _build/nrf52832_xxaa/nrf_sdh_soc.c.o
 .debug_frame   0x000000000000136c       0x2c _build/nrf52832_xxaa/main.cpp.o
 .debug_frame   0x0000000000001398       0x40 _build/nrf52832_xxaa/GPIO.cpp.o
 .debug_frame   0x00000000000013d8       0x28 c:/eclipse/xpack-arm-none-eabi-gcc-9.2.1-1.1/bin/../lib/gcc/arm-none-eabi/9.2.1/../../../../arm-none-eabi/lib/thumb/v7e-m+fp/hard\libc_nano.a(lib_a-exit.o)
 .debug_frame   0x0000000000001400       0x2c c:/eclipse/xpack-arm-none-eabi-gcc-9.2.1-1.1/bin/../lib/gcc/arm-none-eabi/9.2.1/../../../../arm-none-eabi/lib/thumb/v7e-m+fp/hard\libc_nano.a(lib_a-init.o)
 .debug_frame   0x000000000000142c       0x20 c:/eclipse/xpack-arm-none-eabi-gcc-9.2.1-1.1/bin/../lib/gcc/arm-none-eabi/9.2.1/../../../../arm-none-eabi/lib/thumb/v7e-m+fp/hard\libc_nano.a(lib_a-memset.o)
 .debug_frame   0x000000000000144c       0x20 c:/eclipse/xpack-arm-none-eabi-gcc-9.2.1-1.1/bin/../lib/gcc/arm-none-eabi/9.2.1/../../../../arm-none-eabi/lib/thumb/v7e-m+fp/hard\libnosys.a(_exit.o)

.stabstr        0x0000000000000000       0x76
 .stabstr       0x0000000000000000       0x76 c:/eclipse/xpack-arm-none-eabi-gcc-9.2.1-1.1/bin/../lib/gcc/arm-none-eabi/9.2.1/../../../../arm-none-eabi/lib/thumb/v7e-m+fp/hard\libnosys.a(getpid.o)
